Archive member included to satisfy reference by file (symbol)

e:/mcuxpressoide_11.1.0_3209/ide/plugins/com.nxp.mcuxpresso.tools.win32_11.1.0.201909161352/tools/bin/../lib/gcc/arm-none-eabi/8.3.1/../../../../arm-none-eabi/lib/thumb/v6-m/nofp\libcr_semihost_nf.a(_cr__main.o)
                              ./startup/startup_mkl25z4.o (__main)
e:/mcuxpressoide_11.1.0_3209/ide/plugins/com.nxp.mcuxpresso.tools.win32_11.1.0.201909161352/tools/bin/../lib/gcc/arm-none-eabi/8.3.1/../../../../arm-none-eabi/lib/thumb/v6-m/nofp\libcr_semihost_nf.a(_cr_assert.o)
                              ./source/FloppyDriver.o (__assertion_failed)
e:/mcuxpressoide_11.1.0_3209/ide/plugins/com.nxp.mcuxpresso.tools.win32_11.1.0.201909161352/tools/bin/../lib/gcc/arm-none-eabi/8.3.1/../../../../arm-none-eabi/lib/thumb/v6-m/nofp\libcr_semihost_nf.a(__ciob.o)
                              e:/mcuxpressoide_11.1.0_3209/ide/plugins/com.nxp.mcuxpresso.tools.win32_11.1.0.201909161352/tools/bin/../lib/gcc/arm-none-eabi/8.3.1/../../../../arm-none-eabi/lib/thumb/v6-m/nofp\libcr_semihost_nf.a(_cr_assert.o) (__Ciob)
e:/mcuxpressoide_11.1.0_3209/ide/plugins/com.nxp.mcuxpresso.tools.win32_11.1.0.201909161352/tools/bin/../lib/gcc/arm-none-eabi/8.3.1/../../../../arm-none-eabi/lib/thumb/v6-m/nofp\libcr_semihost_nf.a(__sys_appexit.o)
                              e:/mcuxpressoide_11.1.0_3209/ide/plugins/com.nxp.mcuxpresso.tools.win32_11.1.0.201909161352/tools/bin/../lib/gcc/arm-none-eabi/8.3.1/../../../../arm-none-eabi/lib/thumb/v6-m/nofp\libcr_semihost_nf.a(_cr_assert.o) (__sys_appexit)
e:/mcuxpressoide_11.1.0_3209/ide/plugins/com.nxp.mcuxpresso.tools.win32_11.1.0.201909161352/tools/bin/../lib/gcc/arm-none-eabi/8.3.1/../../../../arm-none-eabi/lib/thumb/v6-m/nofp\libcr_c.a(memcpy.o)
                              ./drivers/fsl_flash.o (memcpy)
e:/mcuxpressoide_11.1.0_3209/ide/plugins/com.nxp.mcuxpresso.tools.win32_11.1.0.201909161352/tools/bin/../lib/gcc/arm-none-eabi/8.3.1/../../../../arm-none-eabi/lib/thumb/v6-m/nofp\libcr_c.a(memset.o)
                              ./source/FloppyDriver.o (memset)
e:/mcuxpressoide_11.1.0_3209/ide/plugins/com.nxp.mcuxpresso.tools.win32_11.1.0.201909161352/tools/bin/../lib/gcc/arm-none-eabi/8.3.1/../../../../arm-none-eabi/lib/thumb/v6-m/nofp\libcr_c.a(_deferredlazyseek.o)
                              e:/mcuxpressoide_11.1.0_3209/ide/plugins/com.nxp.mcuxpresso.tools.win32_11.1.0.201909161352/tools/bin/../lib/gcc/arm-none-eabi/8.3.1/../../../../arm-none-eabi/lib/thumb/v6-m/nofp\libcr_semihost_nf.a(_cr_assert.o) (__flsbuf)
e:/mcuxpressoide_11.1.0_3209/ide/plugins/com.nxp.mcuxpresso.tools.win32_11.1.0.201909161352/tools/bin/../lib/gcc/arm-none-eabi/8.3.1/../../../../arm-none-eabi/lib/thumb/v6-m/nofp\libcr_c.a(_fflush.o)
                              e:/mcuxpressoide_11.1.0_3209/ide/plugins/com.nxp.mcuxpresso.tools.win32_11.1.0.201909161352/tools/bin/../lib/gcc/arm-none-eabi/8.3.1/../../../../arm-none-eabi/lib/thumb/v6-m/nofp\libcr_c.a(_deferredlazyseek.o) (_fflush)
e:/mcuxpressoide_11.1.0_3209/ide/plugins/com.nxp.mcuxpresso.tools.win32_11.1.0.201909161352/tools/bin/../lib/gcc/arm-none-eabi/8.3.1/../../../../arm-none-eabi/lib/thumb/v6-m/nofp\libcr_c.a(_writebuf.o)
                              e:/mcuxpressoide_11.1.0_3209/ide/plugins/com.nxp.mcuxpresso.tools.win32_11.1.0.201909161352/tools/bin/../lib/gcc/arm-none-eabi/8.3.1/../../../../arm-none-eabi/lib/thumb/v6-m/nofp\libcr_c.a(_deferredlazyseek.o) (_Cwritebuf)
e:/mcuxpressoide_11.1.0_3209/ide/plugins/com.nxp.mcuxpresso.tools.win32_11.1.0.201909161352/tools/bin/../lib/gcc/arm-none-eabi/8.3.1/../../../../arm-none-eabi/lib/thumb/v6-m/nofp\libcr_c.a(alloc.o)
                              e:/mcuxpressoide_11.1.0_3209/ide/plugins/com.nxp.mcuxpresso.tools.win32_11.1.0.201909161352/tools/bin/../lib/gcc/arm-none-eabi/8.3.1/../../../../arm-none-eabi/lib/thumb/v6-m/nofp\libcr_c.a(_deferredlazyseek.o) (_Csys_alloc)
e:/mcuxpressoide_11.1.0_3209/ide/plugins/com.nxp.mcuxpresso.tools.win32_11.1.0.201909161352/tools/bin/../lib/gcc/arm-none-eabi/8.3.1/../../../../arm-none-eabi/lib/thumb/v6-m/nofp\libcr_c.a(fputs.o)
                              e:/mcuxpressoide_11.1.0_3209/ide/plugins/com.nxp.mcuxpresso.tools.win32_11.1.0.201909161352/tools/bin/../lib/gcc/arm-none-eabi/8.3.1/../../../../arm-none-eabi/lib/thumb/v6-m/nofp\libcr_semihost_nf.a(_cr_assert.o) (fputs)
e:/mcuxpressoide_11.1.0_3209/ide/plugins/com.nxp.mcuxpresso.tools.win32_11.1.0.201909161352/tools/bin/../lib/gcc/arm-none-eabi/8.3.1/../../../../arm-none-eabi/lib/thumb/v6-m/nofp\libcr_c.a(fseek.o)
                              e:/mcuxpressoide_11.1.0_3209/ide/plugins/com.nxp.mcuxpresso.tools.win32_11.1.0.201909161352/tools/bin/../lib/gcc/arm-none-eabi/8.3.1/../../../../arm-none-eabi/lib/thumb/v6-m/nofp\libcr_c.a(_deferredlazyseek.o) (fseek)
[...]
Memory Configuration

Name             Origin             Length             Attributes
PROGRAM_FLASH    0x00000000         0x00020000         xr
SRAM             0x1ffff000         0x00004000         xrw
*default*        0x00000000         0xffffffff

Linker script and memory map

LOAD ./utilities/fsl_debug_console.o
LOAD ./startup/startup_mkl25z4.o
LOAD ./source/FloppyDeviceDriver.o
LOAD ./source/FloppyDriver.o
LOAD ./source/mtb.o
LOAD ./source/semihost_hardfault.o
LOAD ./drivers/fsl_clock.o
LOAD ./drivers/fsl_common.o
LOAD ./drivers/fsl_flash.o
LOAD ./drivers/fsl_gpio.o
LOAD ./drivers/fsl_i2c.o
LOAD ./drivers/fsl_lpsci.o
LOAD ./drivers/fsl_lptmr.o
LOAD ./drivers/fsl_pit.o
LOAD ./drivers/fsl_smc.o
LOAD ./drivers/fsl_uart.o
LOAD ./board/board.o
LOAD ./board/clock_config.o
LOAD ./board/peripherals.o
LOAD ./board/pin_mux.o
LOAD ./CMSIS/system_MKL25Z4.o
START GROUP
LOAD e:/mcuxpressoide_11.1.0_3209/ide/plugins/com.nxp.mcuxpresso.tools.win32_11.1.0.201909161352/tools/bin/../lib/gcc/arm-none-eabi/8.3.1/../../../../arm-none-eabi/lib/thumb/v6-m/nofp\libcr_semihost_nf.a
LOAD e:/mcuxpressoide_11.1.0_3209/ide/plugins/com.nxp.mcuxpresso.tools.win32_11.1.0.201909161352/tools/bin/../lib/gcc/arm-none-eabi/8.3.1/../../../../arm-none-eabi/lib/thumb/v6-m/nofp\libcr_c.a
LOAD e:/mcuxpressoide_11.1.0_3209/ide/plugins/com.nxp.mcuxpresso.tools.win32_11.1.0.201909161352/tools/bin/../lib/gcc/arm-none-eabi/8.3.1/thumb/v6-m/nofp\libcr_eabihelpers.a
LOAD e:/mcuxpressoide_11.1.0_3209/ide/plugins/com.nxp.mcuxpresso.tools.win32_11.1.0.201909161352/tools/bin/../lib/gcc/arm-none-eabi/8.3.1/thumb/v6-m/nofp\libgcc.a
END GROUP
                0x00000000                __base_PROGRAM_FLASH = 0x0
                0x00000000                __base_Flash = 0x0
                0x00020000                __top_PROGRAM_FLASH = 0x20000
                0x00020000                __top_Flash = 0x20000
                0x1ffff000                __base_SRAM = 0x1ffff000
                0x1ffff000                __base_RAM = 0x1ffff000
                0x20003000                __top_SRAM = 0x20003000
                0x20003000                __top_RAM = 0x20003000

.text           0x00000000     0x62f8
 FILL mask 0xff
                0x00000000                __vectors_start__ = ABSOLUTE (.)
 *(SORT_BY_ALIGNMENT(.isr_vector))
 .isr_vector    0x00000000       0xc0 ./startup/startup_mkl25z4.o
                0x00000000                g_pfnVectors
                0x00000000                __Vectors
                0x000000c0                . = ALIGN (0x4)
                0x000000c0                __section_table_start = .
                0x000000c0                __data_section_table = .
                0x000000c0        0x4 LONG 0x62f8 LOADADDR (.data)
                0x000000c4        0x4 LONG 0x1ffff080 ADDR (.data)
                0x000000c8        0x4 LONG 0x1c SIZEOF (.data)
                0x000000cc                __data_section_table_end = .
                0x000000cc                __bss_section_table = .
                0x000000cc        0x4 LONG 0x1ffff09c ADDR (.bss)
                0x000000d0        0x4 LONG 0x170 SIZEOF (.bss)
                0x000000d4                __bss_section_table_end = .
                0x000000d4                __section_table_end = .
 *(SORT_BY_ALIGNMENT(.after_vectors*))
 .after_vectors.reset
                0x000000d4       0x4c ./startup/startup_mkl25z4.o
                0x000000d4                ResetISR
 .after_vectors.init_data
                0x00000120       0x12 ./startup/startup_mkl25z4.o
                0x00000120                data_init
 .after_vectors.init_bss
                0x00000132       0x10 ./startup/startup_mkl25z4.o
                0x00000132                bss_init
 .after_vectors
                0x00000142      0x10c ./startup/startup_mkl25z4.o
                0x00000142                NMI_Handler
                0x00000146                SVC_Handler
                0x00000148                PendSV_Handler
                0x0000014a                SysTick_Handler
                0x0000014c                LPTMR0_DriverIRQHandler
                0x0000014c                Reserved39_DriverIRQHandler
                0x0000014c                DMA0_DriverIRQHandler
                0x0000014c                SPI1_DriverIRQHandler
                0x0000014c                PORTD_DriverIRQHandler
                0x0000014c                DMA2_DriverIRQHandler
                0x0000014c                CMP0_DriverIRQHandler
                0x0000014c                ADC0_DriverIRQHandler
                0x0000014c                TPM2_DriverIRQHandler
                0x0000014c                SPI0_DriverIRQHandler
                0x0000014c                DMA3_DriverIRQHandler
                0x0000014c                TSI0_DriverIRQHandler
                0x0000014c                RTC_Seconds_DriverIRQHandler
                0x0000014c                DMA1_DriverIRQHandler
                0x0000014c                PIT_DriverIRQHandler
                0x0000014c                LLWU_DriverIRQHandler
                0x0000014c                MCG_DriverIRQHandler
                0x0000014c                RTC_DriverIRQHandler
                0x0000014c                TPM1_DriverIRQHandler
                0x0000014c                PORTA_DriverIRQHandler
                0x0000014c                FTFA_DriverIRQHandler
                0x0000014c                IntDefaultHandler
                0x0000014c                USB0_DriverIRQHandler
                0x0000014c                DAC0_DriverIRQHandler
                0x0000014c                Reserved45_DriverIRQHandler
                0x0000014c                LVD_LVW_DriverIRQHandler
                0x0000014c                TPM0_DriverIRQHandler
                0x0000014c                Reserved20_DriverIRQHandler
                0x0000014e                DMA0_IRQHandler
                0x00000156                DMA1_IRQHandler
                0x0000015e                DMA2_IRQHandler
                0x00000166                DMA3_IRQHandler
                0x0000016e                Reserved20_IRQHandler
                0x00000176                FTFA_IRQHandler
                0x0000017e                LVD_LVW_IRQHandler
                0x00000186                LLWU_IRQHandler
                0x0000018e                I2C0_IRQHandler
                0x00000196                I2C1_IRQHandler
                0x0000019e                SPI0_IRQHandler
                0x000001a6                SPI1_IRQHandler
                0x000001ae                UART0_IRQHandler
                0x000001b6                UART1_IRQHandler
                0x000001be                UART2_IRQHandler
                0x000001c6                ADC0_IRQHandler
                0x000001ce                CMP0_IRQHandler
                0x000001d6                TPM0_IRQHandler
                0x000001de                TPM1_IRQHandler
                0x000001e6                TPM2_IRQHandler
                0x000001ee                RTC_IRQHandler
                0x000001f6                RTC_Seconds_IRQHandler
                0x00000206                Reserved39_IRQHandler
                0x0000020e                USB0_IRQHandler
                0x00000216                DAC0_IRQHandler
                0x0000021e                TSI0_IRQHandler
                0x00000226                MCG_IRQHandler
                0x0000022e                LPTMR0_IRQHandler
                0x00000236                Reserved45_IRQHandler
                0x0000023e                PORTA_IRQHandler
                0x00000246                PORTD_IRQHandler
                0x00000400                . = 0x400
 *fill*         0x0000024e      0x1b2 ff
                0x00000400                PROVIDE (__FLASH_CONFIG_START__ = .)
 *(SORT_BY_ALIGNMENT(.FlashConfig))
 .FlashConfig   0x00000400       0x10 ./startup/startup_mkl25z4.o
                0x00000400                Flash_Config
                0x00000410                PROVIDE (__FLASH_CONFIG_END__ = .)
                0x00000001                ASSERT (! ((__FLASH_CONFIG_START__ == __FLASH_CONFIG_END__)), Linker Flash Config Support Enabled, but no .FlashConfig section provided within application)
 *(SORT_BY_ALIGNMENT(.text*))
 .text.DbgConsole_Init
                0x00000410       0xf0 ./utilities/fsl_debug_console.o
                0x00000410                DbgConsole_Init
 .text.FDDSetFrequency
                0x00000500       0x98 ./source/FloppyDeviceDriver.o
                0x00000500                FDDSetFrequency
 .text.NVIC_EnableIRQ
                0x00000598       0x2c ./source/FloppyDriver.o
 .text.NVIC_SetPriority
                0x000005c4       0xdc ./source/FloppyDriver.o
 .text.PIT_GetDefaultConfig
                0x000006a0       0x28 ./source/FloppyDriver.o
 .text.i2c_slave_callback
                0x000006c8       0x58 ./source/FloppyDriver.o
 .text.InitI2CInterface
                0x00000720       0x88 ./source/FloppyDriver.o
                0x00000720                InitI2CInterface
 .text.I2CReceiveData
                0x000007a8       0x58 ./source/FloppyDriver.o
                0x000007a8                I2CReceiveData
 .text.ProcessPercussionMessage
                0x00000800       0x64 ./source/FloppyDriver.o
                0x00000800                ProcessPercussionMessage
 .text.PIT_IRQHandler
                0x00000864       0xa0 ./source/FloppyDriver.o
                0x00000864                PIT_IRQHandler
 .text.main     0x00000904      0x3b0 ./source/FloppyDriver.o
                0x00000904                main
 .text.HardFault_Handler
                0x00000cb4       0x30 ./source/semihost_hardfault.o
                0x00000cb4                HardFault_Handler
 .text.CLOCK_SetEr32kClock
                0x00000ce4       0x34 ./drivers/fsl_clock.o
 .text.CLOCK_SetPllFllSelClock
                0x00000d18       0x38 ./drivers/fsl_clock.o
 .text.CLOCK_GetMcgExtClkFreq
                0x00000d50       0x28 ./drivers/fsl_clock.o
 .text.CLOCK_GetFllExtRefClkFreq
                0x00000d78       0xa4 ./drivers/fsl_clock.o
 .text.CLOCK_GetInternalRefClkSelectFreq
                0x00000e1c       0x40 ./drivers/fsl_clock.o
 .text.CLOCK_GetFllRefClkFreq
                0x00000e5c       0x2c ./drivers/fsl_clock.o
 .text.CLOCK_GetOscRangeFromFreq
                0x00000e88       0x4c ./drivers/fsl_clock.o
 .text.CLOCK_GetOsc0ErClkFreq
                0x00000ed4       0x3c ./drivers/fsl_clock.o
                0x00000ed4                CLOCK_GetOsc0ErClkFreq
 .text.CLOCK_GetEr32kClkFreq
                0x00000f10       0x74 ./drivers/fsl_clock.o
                0x00000f10                CLOCK_GetEr32kClkFreq
 .text.CLOCK_GetPllFllSelClkFreq
                0x00000f84       0x4c ./drivers/fsl_clock.o
                0x00000f84                CLOCK_GetPllFllSelClkFreq
 .text.CLOCK_GetFreq
                0x00000fd0       0xe0 ./drivers/fsl_clock.o
                0x00000fd0                CLOCK_GetFreq
 .text.CLOCK_SetSimConfig
                0x000010b0       0x38 ./drivers/fsl_clock.o
                0x000010b0                CLOCK_SetSimConfig
 .text.CLOCK_GetOutClkFreq
                0x000010e8       0x68 ./drivers/fsl_clock.o
                0x000010e8                CLOCK_GetOutClkFreq
 .text.CLOCK_GetFllFreq
                0x00001150       0x84 ./drivers/fsl_clock.o
                0x00001150                CLOCK_GetFllFreq
 .text.CLOCK_GetInternalRefClkFreq
                0x000011d4       0x28 ./drivers/fsl_clock.o
                0x000011d4                CLOCK_GetInternalRefClkFreq
 .text.CLOCK_GetPll0Freq
                0x000011fc       0x70 ./drivers/fsl_clock.o
                0x000011fc                CLOCK_GetPll0Freq
 .text.CLOCK_SetInternalRefClkConfig
                0x0000126c      0x124 ./drivers/fsl_clock.o
                0x0000126c                CLOCK_SetInternalRefClkConfig
 .text.CLOCK_EnablePll0
                0x00001390       0x90 ./drivers/fsl_clock.o
                0x00001390                CLOCK_EnablePll0
 .text.CLOCK_InitOsc0
                0x00001420       0x94 ./drivers/fsl_clock.o
                0x00001420                CLOCK_InitOsc0
 .text.CLOCK_SetPbeMode
                0x000014b4       0xb0 ./drivers/fsl_clock.o
                0x000014b4                CLOCK_SetPbeMode
 .text.CLOCK_BootToPeeMode
                0x00001564       0x70 ./drivers/fsl_clock.o
                0x00001564                CLOCK_BootToPeeMode
 .text.GPIO_PinInit
                0x000015d4       0x64 ./drivers/fsl_gpio.o
                0x000015d4                GPIO_PinInit
 .text.NVIC_EnableIRQ
                0x00001638       0x2c ./drivers/fsl_i2c.o
 .text.CLOCK_EnableClock
                0x00001664       0x34 ./drivers/fsl_i2c.o
 .text.I2C_GetInstance
                0x00001698       0x4c ./drivers/fsl_i2c.o
                0x00001698                I2C_GetInstance
 .text.I2C_SetHoldTime
                0x000016e4       0xf8 ./drivers/fsl_i2c.o
 .text.I2C_TransferCommonIRQHandler
                0x000017dc       0x54 ./drivers/fsl_i2c.o
 .text.I2C_SlaveInit
                0x00001830      0x158 ./drivers/fsl_i2c.o
                0x00001830                I2C_SlaveInit
 .text.I2C_SlaveGetDefaultConfig
                0x00001988       0x48 ./drivers/fsl_i2c.o
                0x00001988                I2C_SlaveGetDefaultConfig
 .text.I2C_SlaveTransferCreateHandle
                0x000019d0       0x7c ./drivers/fsl_i2c.o
                0x000019d0                I2C_SlaveTransferCreateHandle
 .text.I2C_SlaveTransferNonBlocking
                0x00001a4c       0x7c ./drivers/fsl_i2c.o
                0x00001a4c                I2C_SlaveTransferNonBlocking
 .text.I2C_SlaveTransferHandleIRQ
                0x00001ac8      0x2f8 ./drivers/fsl_i2c.o
                0x00001ac8                I2C_SlaveTransferHandleIRQ
 .text.I2C0_DriverIRQHandler
                0x00001dc0       0x20 ./drivers/fsl_i2c.o
                0x00001dc0                I2C0_DriverIRQHandler
 .text.I2C1_DriverIRQHandler
                0x00001de0       0x20 ./drivers/fsl_i2c.o
                0x00001de0                I2C1_DriverIRQHandler
 .text.CLOCK_EnableClock
                0x00001e00       0x34 ./drivers/fsl_lpsci.o
 .text.LPSCI_GetInstance
                0x00001e34       0x48 ./drivers/fsl_lpsci.o
                0x00001e34                LPSCI_GetInstance
 .text.LPSCI_Init
                0x00001e7c      0x258 ./drivers/fsl_lpsci.o
                0x00001e7c                LPSCI_Init
 .text.LPSCI_GetDefaultConfig
                0x000020d4       0x44 ./drivers/fsl_lpsci.o
                0x000020d4                LPSCI_GetDefaultConfig
 .text.LPSCI_ClearStatusFlags
                0x00002118       0x94 ./drivers/fsl_lpsci.o
                0x00002118                LPSCI_ClearStatusFlags
 .text.LPSCI_WriteBlocking
                0x000021ac       0x4c ./drivers/fsl_lpsci.o
                0x000021ac                LPSCI_WriteBlocking
 .text.LPSCI_ReadBlocking
                0x000021f8       0xc0 ./drivers/fsl_lpsci.o
                0x000021f8                LPSCI_ReadBlocking
 .text.UART0_DriverIRQHandler
                0x000022b8       0x24 ./drivers/fsl_lpsci.o
                0x000022b8                UART0_DriverIRQHandler
 .text.CLOCK_EnableClock
                0x000022dc       0x34 ./drivers/fsl_pit.o
 .text.PIT_GetInstance
                0x00002310       0x48 ./drivers/fsl_pit.o
 .text.PIT_Init
                0x00002358       0x6c ./drivers/fsl_pit.o
                0x00002358                PIT_Init
 .text.CLOCK_EnableClock
                0x000023c4       0x34 ./drivers/fsl_uart.o
 .text.UART_GetInstance
                0x000023f8       0x54 ./drivers/fsl_uart.o
                0x000023f8                UART_GetInstance
 .text.UART_Init
                0x0000244c      0x1e0 ./drivers/fsl_uart.o
                0x0000244c                UART_Init
 .text.UART_GetDefaultConfig
                0x0000262c       0x44 ./drivers/fsl_uart.o
                0x0000262c                UART_GetDefaultConfig
 .text.UART_ReadBlocking
                0x00002670       0x98 ./drivers/fsl_uart.o
                0x00002670                UART_ReadBlocking
 .text.UART1_DriverIRQHandler
                0x00002708       0x24 ./drivers/fsl_uart.o
                0x00002708                UART1_DriverIRQHandler
 .text.UART2_DriverIRQHandler
                0x0000272c       0x24 ./drivers/fsl_uart.o
                0x0000272c                UART2_DriverIRQHandler
 .text.CLOCK_SetLpsci0Clock
                0x00002750       0x38 ./board/board.o
 .text.BOARD_InitDebugConsole
                0x00002788       0x30 ./board/board.o
                0x00002788                BOARD_InitDebugConsole
 .text.CLOCK_SetSimSafeDivs
                0x000027b8       0x20 ./board/clock_config.o
 .text.CLOCK_SetXtal0Freq
                0x000027d8       0x1c ./board/clock_config.o
 .text.CLOCK_CONFIG_SetFllExtRefDiv
                0x000027f4       0x3c ./board/clock_config.o
 .text.BOARD_BootClockRUN
                0x00002830       0x64 ./board/clock_config.o
                0x00002830                BOARD_BootClockRUN
 .text.CLOCK_EnableClock
                0x00002894       0x34 ./board/pin_mux.o
 .text.PORT_SetPinMux
                0x000028c8       0x40 ./board/pin_mux.o
 .text.BOARD_InitPins
                0x00002908      0x1a4 ./board/pin_mux.o
                0x00002908                BOARD_InitPins
 .text.SystemInit
                0x00002aac       0x18 ./CMSIS/system_MKL25Z4.o
                0x00002aac                SystemInit
 .text.__assertion_failed
                0x00002ac4       0x4c e:/mcuxpressoide_11.1.0_3209/ide/plugins/com.nxp.mcuxpresso.tools.win32_11.1.0.201909161352/tools/bin/../lib/gcc/arm-none-eabi/8.3.1/../../../../arm-none-eabi/lib/thumb/v6-m/nofp\libcr_semihost_nf.a(_cr_assert.o)
                0x00002ac4                __assertion_failed
 .text.__sys_appexit
                0x00002b10        0xc e:/mcuxpressoide_11.1.0_3209/ide/plugins/com.nxp.mcuxpresso.tools.win32_11.1.0.201909161352/tools/bin/../lib/gcc/arm-none-eabi/8.3.1/../../../../arm-none-eabi/lib/thumb/v6-m/nofp\libcr_semihost_nf.a(__sys_appexit.o)
                0x00002b10                __sys_appexit
                0x00002b10                __exit
 .text._deferredlazyseek
                0x00002b1c       0x40 e:/mcuxpressoide_11.1.0_3209/ide/plugins/com.nxp.mcuxpresso.tools.win32_11.1.0.201909161352/tools/bin/../lib/gcc/arm-none-eabi/8.3.1/../../../../arm-none-eabi/lib/thumb/v6-m/nofp\libcr_c.a(_deferredlazyseek.o)
                0x00002b1c                _deferredlazyseek
 .text.__flsbuf
                0x00002b5c      0x14c e:/mcuxpressoide_11.1.0_3209/ide/plugins/com.nxp.mcuxpresso.tools.win32_11.1.0.201909161352/tools/bin/../lib/gcc/arm-none-eabi/8.3.1/../../../../arm-none-eabi/lib/thumb/v6-m/nofp\libcr_c.a(_deferredlazyseek.o)
                0x00002b5c                __flsbuf
 .text._fflush  0x00002ca8       0x5c e:/mcuxpressoide_11.1.0_3209/ide/plugins/com.nxp.mcuxpresso.tools.win32_11.1.0.201909161352/tools/bin/../lib/gcc/arm-none-eabi/8.3.1/../../../../arm-none-eabi/lib/thumb/v6-m/nofp\libcr_c.a(_fflush.o)
                0x00002ca8                _fflush
 .text._Cwritebuf
                0x00002d04       0x68 e:/mcuxpressoide_11.1.0_3209/ide/plugins/com.nxp.mcuxpresso.tools.win32_11.1.0.201909161352/tools/bin/../lib/gcc/arm-none-eabi/8.3.1/../../../../arm-none-eabi/lib/thumb/v6-m/nofp\libcr_c.a(_writebuf.o)
                0x00002d04                _Cwritebuf
 .text.malloc   0x00002d6c       0xcc e:/mcuxpressoide_11.1.0_3209/ide/plugins/com.nxp.mcuxpresso.tools.win32_11.1.0.201909161352/tools/bin/../lib/gcc/arm-none-eabi/8.3.1/../../../../arm-none-eabi/lib/thumb/v6-m/nofp\libcr_c.a(alloc.o)
                0x00002d6c                malloc
 .text._Csys_alloc
                0x00002e38       0x20 e:/mcuxpressoide_11.1.0_3209/ide/plugins/com.nxp.mcuxpresso.tools.win32_11.1.0.201909161352/tools/bin/../lib/gcc/arm-none-eabi/8.3.1/../../../../arm-none-eabi/lib/thumb/v6-m/nofp\libcr_c.a(alloc.o)
                0x00002e38                _Csys_alloc
 .text.fseek    0x00002e58       0xf0 e:/mcuxpressoide_11.1.0_3209/ide/plugins/com.nxp.mcuxpresso.tools.win32_11.1.0.201909161352/tools/bin/../lib/gcc/arm-none-eabi/8.3.1/../../../../arm-none-eabi/lib/thumb/v6-m/nofp\libcr_c.a(fseek.o)
                0x00002e58                fseek
 .text.ftell    0x00002f48       0x48 e:/mcuxpressoide_11.1.0_3209/ide/plugins/com.nxp.mcuxpresso.tools.win32_11.1.0.201909161352/tools/bin/../lib/gcc/arm-none-eabi/8.3.1/../../../../arm-none-eabi/lib/thumb/v6-m/nofp\libcr_c.a(ftell.o)
                0x00002f48                ftell
 .text._initio  0x00002f90       0x7c e:/mcuxpressoide_11.1.0_3209/ide/plugins/com.nxp.mcuxpresso.tools.win32_11.1.0.201909161352/tools/bin/../lib/gcc/arm-none-eabi/8.3.1/../../../../arm-none-eabi/lib/thumb/v6-m/nofp\libcr_c.a(initio.o)
                0x00002f90                _initio
 .text.pow      0x0000300c      0x548 e:/mcuxpressoide_11.1.0_3209/ide/plugins/com.nxp.mcuxpresso.tools.win32_11.1.0.201909161352/tools/bin/../lib/gcc/arm-none-eabi/8.3.1/../../../../arm-none-eabi/lib/thumb/v6-m/nofp\libcr_c.a(pow.o)
                0x0000300c                pow
 .text.__vfprintf
                0x00003554      0xcd8 e:/mcuxpressoide_11.1.0_3209/ide/plugins/com.nxp.mcuxpresso.tools.win32_11.1.0.201909161352/tools/bin/../lib/gcc/arm-none-eabi/8.3.1/../../../../arm-none-eabi/lib/thumb/v6-m/nofp\libcr_c.a(printf.o)
                0x00003554                __vfprintf
 .text._vsnprintf
                0x0000422c       0x70 e:/mcuxpressoide_11.1.0_3209/ide/plugins/com.nxp.mcuxpresso.tools.win32_11.1.0.201909161352/tools/bin/../lib/gcc/arm-none-eabi/8.3.1/../../../../arm-none-eabi/lib/thumb/v6-m/nofp\libcr_c.a(printf.o)
                0x0000422c                _vsnprintf
 .text._printf  0x0000429c       0x50 e:/mcuxpressoide_11.1.0_3209/ide/plugins/com.nxp.mcuxpresso.tools.win32_11.1.0.201909161352/tools/bin/../lib/gcc/arm-none-eabi/8.3.1/../../../../arm-none-eabi/lib/thumb/v6-m/nofp\libcr_c.a(printf.o)
                0x0000429c                _printf
 .text.setvbuf  0x000042ec       0x4c e:/mcuxpressoide_11.1.0_3209/ide/plugins/com.nxp.mcuxpresso.tools.win32_11.1.0.201909161352/tools/bin/../lib/gcc/arm-none-eabi/8.3.1/../../../../arm-none-eabi/lib/thumb/v6-m/nofp\libcr_c.a(setvbuf.o)
                0x000042ec                setvbuf
 .text.strlen   0x00004338       0x58 e:/mcuxpressoide_11.1.0_3209/ide/plugins/com.nxp.mcuxpresso.tools.win32_11.1.0.201909161352/tools/bin/../lib/gcc/arm-none-eabi/8.3.1/../../../../arm-none-eabi/lib/thumb/v6-m/nofp\libcr_c.a(strlen.o)
                0x00004338                strlen
 .text._sbrk    0x00004390       0x40 e:/mcuxpressoide_11.1.0_3209/ide/plugins/com.nxp.mcuxpresso.tools.win32_11.1.0.201909161352/tools/bin/../lib/gcc/arm-none-eabi/8.3.1/../../../../arm-none-eabi/lib/thumb/v6-m/nofp\libcr_c.a(_cr_sbrk.o)
                0x00004390                _sbrk
 .text._fdopen  0x000043d0       0x74 e:/mcuxpressoide_11.1.0_3209/ide/plugins/com.nxp.mcuxpresso.tools.win32_11.1.0.201909161352/tools/bin/../lib/gcc/arm-none-eabi/8.3.1/../../../../arm-none-eabi/lib/thumb/v6-m/nofp\libcr_c.a(_fdopen.o)
                0x000043d0                _fdopen
 .text.fclose   0x00004444       0x5c e:/mcuxpressoide_11.1.0_3209/ide/plugins/com.nxp.mcuxpresso.tools.win32_11.1.0.201909161352/tools/bin/../lib/gcc/arm-none-eabi/8.3.1/../../../../arm-none-eabi/lib/thumb/v6-m/nofp\libcr_c.a(fclose.o)
                0x00004444                fclose
 .text.fflush   0x000044a0       0x44 e:/mcuxpressoide_11.1.0_3209/ide/plugins/com.nxp.mcuxpresso.tools.win32_11.1.0.201909161352/tools/bin/../lib/gcc/arm-none-eabi/8.3.1/../../../../arm-none-eabi/lib/thumb/v6-m/nofp\libcr_c.a(fflush.o)
                0x000044a0                fflush
 .text.frexp    0x000044e4       0x80 e:/mcuxpressoide_11.1.0_3209/ide/plugins/com.nxp.mcuxpresso.tools.win32_11.1.0.201909161352/tools/bin/../lib/gcc/arm-none-eabi/8.3.1/../../../../arm-none-eabi/lib/thumb/v6-m/nofp\libcr_c.a(frexp.o)
                0x000044e4                frexp
 .text.ldexp    0x00004564       0x58 e:/mcuxpressoide_11.1.0_3209/ide/plugins/com.nxp.mcuxpresso.tools.win32_11.1.0.201909161352/tools/bin/../lib/gcc/arm-none-eabi/8.3.1/../../../../arm-none-eabi/lib/thumb/v6-m/nofp\libcr_c.a(ldexp.o)
                0x00004564                ldexp
 .text.__check_heap_overflow
                0x000045bc       0x14 e:/mcuxpressoide_11.1.0_3209/ide/plugins/com.nxp.mcuxpresso.tools.win32_11.1.0.201909161352/tools/bin/../lib/gcc/arm-none-eabi/8.3.1/../../../../arm-none-eabi/lib/thumb/v6-m/nofp\libcr_c.a(_cr_check_heap.o)
                0x000045bc                __check_heap_overflow
 .text._do_fflush
                0x000045d0       0x44 e:/mcuxpressoide_11.1.0_3209/ide/plugins/com.nxp.mcuxpresso.tools.win32_11.1.0.201909161352/tools/bin/../lib/gcc/arm-none-eabi/8.3.1/../../../../arm-none-eabi/lib/thumb/v6-m/nofp\libcr_c.a(_do_fflush.o)
                0x000045d0                _do_fflush
 .text.__aeabi_dmul
                0x00004614      0x188 e:/mcuxpressoide_11.1.0_3209/ide/plugins/com.nxp.mcuxpresso.tools.win32_11.1.0.201909161352/tools/bin/../lib/gcc/arm-none-eabi/8.3.1/thumb/v6-m/nofp\libcr_eabihelpers.a(double.o)
                0x00004614                __aeabi_dmul
 .text.__aeabi_ddiv
                0x0000479c      0x148 e:/mcuxpressoide_11.1.0_3209/ide/plugins/com.nxp.mcuxpresso.tools.win32_11.1.0.201909161352/tools/bin/../lib/gcc/arm-none-eabi/8.3.1/thumb/v6-m/nofp\libcr_eabihelpers.a(double.o)
                0x0000479c                __aeabi_ddiv
 .text.__aeabi_dsub
                0x000048e4      0x1c4 e:/mcuxpressoide_11.1.0_3209/ide/plugins/com.nxp.mcuxpresso.tools.win32_11.1.0.201909161352/tools/bin/../lib/gcc/arm-none-eabi/8.3.1/thumb/v6-m/nofp\libcr_eabihelpers.a(double.o)
                0x000048e4                __aeabi_dsub
 .text.__aeabi_dadd
                0x00004aa8      0x12c e:/mcuxpressoide_11.1.0_3209/ide/plugins/com.nxp.mcuxpresso.tools.win32_11.1.0.201909161352/tools/bin/../lib/gcc/arm-none-eabi/8.3.1/thumb/v6-m/nofp\libcr_eabihelpers.a(double.o)
                0x00004aa8                __aeabi_dadd
 .text.__aeabi_d2f
                0x00004bd4       0x60 e:/mcuxpressoide_11.1.0_3209/ide/plugins/com.nxp.mcuxpresso.tools.win32_11.1.0.201909161352/tools/bin/../lib/gcc/arm-none-eabi/8.3.1/thumb/v6-m/nofp\libcr_eabihelpers.a(double.o)
                0x00004bd4                __aeabi_d2f
 .text.__aeabi_d2iz
                0x00004c34       0x4c e:/mcuxpressoide_11.1.0_3209/ide/plugins/com.nxp.mcuxpresso.tools.win32_11.1.0.201909161352/tools/bin/../lib/gcc/arm-none-eabi/8.3.1/thumb/v6-m/nofp\libcr_eabihelpers.a(double.o)
                0x00004c34                __aeabi_d2iz
 .text.__aeabi_dcmpeq
                0x00004c80       0x30 e:/mcuxpressoide_11.1.0_3209/ide/plugins/com.nxp.mcuxpresso.tools.win32_11.1.0.201909161352/tools/bin/../lib/gcc/arm-none-eabi/8.3.1/thumb/v6-m/nofp\libcr_eabihelpers.a(double.o)
                0x00004c80                __aeabi_dcmpeq
 .text.__aeabi_dcmplt
                0x00004cb0       0x60 e:/mcuxpressoide_11.1.0_3209/ide/plugins/com.nxp.mcuxpresso.tools.win32_11.1.0.201909161352/tools/bin/../lib/gcc/arm-none-eabi/8.3.1/thumb/v6-m/nofp\libcr_eabihelpers.a(double.o)
                0x00004cb0                __aeabi_dcmplt
 .text.__aeabi_dcmpgt
                0x00004d10       0x58 e:/mcuxpressoide_11.1.0_3209/ide/plugins/com.nxp.mcuxpresso.tools.win32_11.1.0.201909161352/tools/bin/../lib/gcc/arm-none-eabi/8.3.1/thumb/v6-m/nofp\libcr_eabihelpers.a(double.o)
                0x00004d10                __aeabi_dcmpgt
 .text.__aeabi_dcmple
                0x00004d68       0x58 e:/mcuxpressoide_11.1.0_3209/ide/plugins/com.nxp.mcuxpresso.tools.win32_11.1.0.201909161352/tools/bin/../lib/gcc/arm-none-eabi/8.3.1/thumb/v6-m/nofp\libcr_eabihelpers.a(double.o)
                0x00004d68                __aeabi_dcmple
 .text.__aeabi_dcmpge
                0x00004dc0       0x60 e:/mcuxpressoide_11.1.0_3209/ide/plugins/com.nxp.mcuxpresso.tools.win32_11.1.0.201909161352/tools/bin/../lib/gcc/arm-none-eabi/8.3.1/thumb/v6-m/nofp\libcr_eabihelpers.a(double.o)
                0x00004dc0                __aeabi_dcmpge
 .text.__aeabi_fmul
                0x00004e20       0xc4 e:/mcuxpressoide_11.1.0_3209/ide/plugins/com.nxp.mcuxpresso.tools.win32_11.1.0.201909161352/tools/bin/../lib/gcc/arm-none-eabi/8.3.1/thumb/v6-m/nofp\libcr_eabihelpers.a(float.o)
                0x00004e20                __aeabi_fmul
 .text.__aeabi_fdiv
                0x00004ee4       0xdc e:/mcuxpressoide_11.1.0_3209/ide/plugins/com.nxp.mcuxpresso.tools.win32_11.1.0.201909161352/tools/bin/../lib/gcc/arm-none-eabi/8.3.1/thumb/v6-m/nofp\libcr_eabihelpers.a(float.o)
                0x00004ee4                __aeabi_fdiv
 .text.__aeabi_fsub
                0x00004fc0      0x128 e:/mcuxpressoide_11.1.0_3209/ide/plugins/com.nxp.mcuxpresso.tools.win32_11.1.0.201909161352/tools/bin/../lib/gcc/arm-none-eabi/8.3.1/thumb/v6-m/nofp\libcr_eabihelpers.a(float.o)
                0x00004fc0                __aeabi_fsub
 .text.__aeabi_fadd
                0x000050e8       0xac e:/mcuxpressoide_11.1.0_3209/ide/plugins/com.nxp.mcuxpresso.tools.win32_11.1.0.201909161352/tools/bin/../lib/gcc/arm-none-eabi/8.3.1/thumb/v6-m/nofp\libcr_eabihelpers.a(float.o)
                0x000050e8                __aeabi_fadd
 .text.UART_EnableTx
                0x00005194       0x40 ./utilities/fsl_debug_console.o
 .text.UART_EnableRx
                0x000051d4       0x40 ./utilities/fsl_debug_console.o
 .text.LPSCI_EnableTx
                0x00005214       0x40 ./utilities/fsl_debug_console.o
 .text.LPSCI_EnableRx
                0x00005254       0x40 ./utilities/fsl_debug_console.o
 .text.GPIO_WritePinOutput
                0x00005294       0x34 ./source/FloppyDeviceDriver.o
 .text.PIT_SetTimerPeriod
                0x000052c8       0x28 ./source/FloppyDeviceDriver.o
 .text.PIT_StartTimer
                0x000052f0       0x3e ./source/FloppyDeviceDriver.o
 .text.PIT_StopTimer
                0x0000532e       0x40 ./source/FloppyDeviceDriver.o
 .text.delay    0x0000536e       0x38 ./source/FloppyDeviceDriver.o
                0x0000536e                delay
 .text.FDDStep  0x000053a6       0x72 ./source/FloppyDeviceDriver.o
                0x000053a6                FDDStep
 .text.FDDInit  0x00005418       0x5c ./source/FloppyDeviceDriver.o
                0x00005418                FDDInit
 .text.FDDReset
                0x00005474       0x7a ./source/FloppyDeviceDriver.o
                0x00005474                FDDReset
 .text.EnableIRQ
                0x000054ee       0x2c ./source/FloppyDriver.o
 .text.GPIO_TogglePinsOutput
                0x0000551a       0x18 ./source/FloppyDriver.o
 .text.PIT_EnableInterrupts
                0x00005532       0x42 ./source/FloppyDriver.o
 .text.PIT_GetStatusFlags
                0x00005574       0x2c ./source/FloppyDriver.o
 .text.PIT_ClearStatusFlags
                0x000055a0       0x2e ./source/FloppyDriver.o
 .text.OSC_SetExtRefClkConfig
                0x000055ce       0x3e ./drivers/fsl_clock.o
 .text.OSC_SetCapLoad
                0x0000560c       0x42 ./drivers/fsl_clock.o
 .text.CLOCK_GetPll0RefFreq
                0x0000564e       0x10 ./drivers/fsl_clock.o
 .text.CLOCK_GetFixedFreqClkFreq
                0x0000565e       0x30 ./drivers/fsl_clock.o
                0x0000565e                CLOCK_GetFixedFreqClkFreq
 .text.CLOCK_SetExternalRefClkConfig
                0x0000568e       0x16 ./drivers/fsl_clock.o
                0x0000568e                CLOCK_SetExternalRefClkConfig
 .text.GPIO_WritePinOutput
                0x000056a4       0x34 ./drivers/fsl_gpio.o
 .text.EnableIRQ
                0x000056d8       0x2c ./drivers/fsl_i2c.o
 .text.I2C_SlaveGetStatusFlags
                0x00005704       0x1a ./drivers/fsl_i2c.o
 .text.I2C_MasterClearStatusFlags
                0x0000571e       0x38 ./drivers/fsl_i2c.o
 .text.I2C_SlaveClearStatusFlags
                0x00005756       0x1e ./drivers/fsl_i2c.o
 .text.I2C_EnableInterrupts
                0x00005774       0x5c ./drivers/fsl_i2c.o
                0x00005774                I2C_EnableInterrupts
 .text.I2C_DisableInterrupts
                0x000057d0       0x42 ./drivers/fsl_i2c.o
                0x000057d0                I2C_DisableInterrupts
 .text.I2C_MasterGetStatusFlags
                0x00005812       0x32 ./drivers/fsl_i2c.o
                0x00005812                I2C_MasterGetStatusFlags
 .text.LPSCI_GetStatusFlags
                0x00005844       0x26 ./drivers/fsl_lpsci.o
                0x00005844                LPSCI_GetStatusFlags
 .text.UART_GetStatusFlags
                0x0000586a       0x26 ./drivers/fsl_uart.o
                0x0000586a                UART_GetStatusFlags
 .text.UART_WriteBlocking
                0x00005890       0x3a ./drivers/fsl_uart.o
                0x00005890                UART_WriteBlocking
 .text.BOARD_InitBootClocks
                0x000058ca        0xe ./board/clock_config.o
                0x000058ca                BOARD_InitBootClocks
 .text.BOARD_InitBootPeripherals
                0x000058d8        0xa ./board/peripherals.o
                0x000058d8                BOARD_InitBootPeripherals
 .text.BOARD_InitBootPins
                0x000058e2        0xe ./board/pin_mux.o
                0x000058e2                BOARD_InitBootPins
 .text.__main   0x000058f0        0xc e:/mcuxpressoide_11.1.0_3209/ide/plugins/com.nxp.mcuxpresso.tools.win32_11.1.0.201909161352/tools/bin/../lib/gcc/arm-none-eabi/8.3.1/../../../../arm-none-eabi/lib/thumb/v6-m/nofp\libcr_semihost_nf.a(_cr__main.o)
                0x000058f0                __CR_SEMIHOST
                0x000058f0                __main
 .text.memset   0x000058fc        0x8 e:/mcuxpressoide_11.1.0_3209/ide/plugins/com.nxp.mcuxpresso.tools.win32_11.1.0.201909161352/tools/bin/../lib/gcc/arm-none-eabi/8.3.1/../../../../arm-none-eabi/lib/thumb/v6-m/nofp\libcr_c.a(memset.o)
                0x000058fc                memset
 .text.free     0x00005904       0x2c e:/mcuxpressoide_11.1.0_3209/ide/plugins/com.nxp.mcuxpresso.tools.win32_11.1.0.201909161352/tools/bin/../lib/gcc/arm-none-eabi/8.3.1/../../../../arm-none-eabi/lib/thumb/v6-m/nofp\libcr_c.a(alloc.o)
                0x00005904                free
 .text.fputs    0x00005930       0x2e e:/mcuxpressoide_11.1.0_3209/ide/plugins/com.nxp.mcuxpresso.tools.win32_11.1.0.201909161352/tools/bin/../lib/gcc/arm-none-eabi/8.3.1/../../../../arm-none-eabi/lib/thumb/v6-m/nofp\libcr_c.a(fputs.o)
                0x00005930                fputs
 .text.no_fp_display
                0x0000595e        0x4 e:/mcuxpressoide_11.1.0_3209/ide/plugins/com.nxp.mcuxpresso.tools.win32_11.1.0.201909161352/tools/bin/../lib/gcc/arm-none-eabi/8.3.1/../../../../arm-none-eabi/lib/thumb/v6-m/nofp\libcr_c.a(printf.o)
 .text.remove   0x00005962       0x12 e:/mcuxpressoide_11.1.0_3209/ide/plugins/com.nxp.mcuxpresso.tools.win32_11.1.0.201909161352/tools/bin/../lib/gcc/arm-none-eabi/8.3.1/../../../../arm-none-eabi/lib/thumb/v6-m/nofp\libcr_c.a(remove.o)
                0x00005962                remove
 .text.__aeabi_division_idivmod
                0x00005974       0x78 e:/mcuxpressoide_11.1.0_3209/ide/plugins/com.nxp.mcuxpresso.tools.win32_11.1.0.201909161352/tools/bin/../lib/gcc/arm-none-eabi/8.3.1/thumb/v6-m/nofp\libcr_eabihelpers.a(division_32.o)
                0x00005974                __aeabi_idivmod
                0x00005974                __aeabi_idiv
                0x0000597a                __aeabi_uidivmod
                0x0000597a                __aeabi_uidiv
 .text.__aeabi_division_idiv0
                0x000059ec        0x2 e:/mcuxpressoide_11.1.0_3209/ide/plugins/com.nxp.mcuxpresso.tools.win32_11.1.0.201909161352/tools/bin/../lib/gcc/arm-none-eabi/8.3.1/thumb/v6-m/nofp\libcr_eabihelpers.a(division_idiv0.o)
                0x000059ec                __aeabi_idiv0
 .text.__bhs_ui2d
                0x000059ee       0x5e e:/mcuxpressoide_11.1.0_3209/ide/plugins/com.nxp.mcuxpresso.tools.win32_11.1.0.201909161352/tools/bin/../lib/gcc/arm-none-eabi/8.3.1/thumb/v6-m/nofp\libcr_eabihelpers.a(double.o)
                0x000059ee                __bhs_ui2d
 .text.__aeabi_i2d
                0x00005a4c       0x18 e:/mcuxpressoide_11.1.0_3209/ide/plugins/com.nxp.mcuxpresso.tools.win32_11.1.0.201909161352/tools/bin/../lib/gcc/arm-none-eabi/8.3.1/thumb/v6-m/nofp\libcr_eabihelpers.a(double.o)
                0x00005a4c                __aeabi_i2d
 .text.__aeabi_f2ulz
                0x00005a64       0x3e e:/mcuxpressoide_11.1.0_3209/ide/plugins/com.nxp.mcuxpresso.tools.win32_11.1.0.201909161352/tools/bin/../lib/gcc/arm-none-eabi/8.3.1/thumb/v6-m/nofp\libcr_eabihelpers.a(float.o)
                0x00005a64                __aeabi_f2ulz
 .text.__bhs_ui2f
                0x00005aa2       0x62 e:/mcuxpressoide_11.1.0_3209/ide/plugins/com.nxp.mcuxpresso.tools.win32_11.1.0.201909161352/tools/bin/../lib/gcc/arm-none-eabi/8.3.1/thumb/v6-m/nofp\libcr_eabihelpers.a(float.o)
                0x00005aa2                __bhs_ui2f
 .text.__aeabi_ui2f
                0x00005b04        0xc e:/mcuxpressoide_11.1.0_3209/ide/plugins/com.nxp.mcuxpresso.tools.win32_11.1.0.201909161352/tools/bin/../lib/gcc/arm-none-eabi/8.3.1/thumb/v6-m/nofp\libcr_eabihelpers.a(float.o)
                0x00005b04                __aeabi_ui2f
 .text.__aeabi_fcmplt
                0x00005b10       0x44 e:/mcuxpressoide_11.1.0_3209/ide/plugins/com.nxp.mcuxpresso.tools.win32_11.1.0.201909161352/tools/bin/../lib/gcc/arm-none-eabi/8.3.1/thumb/v6-m/nofp\libcr_eabihelpers.a(float.o)
                0x00005b10                __aeabi_fcmplt
 .text.__aeabi_llong_lmul
                0x00005b54       0x2e e:/mcuxpressoide_11.1.0_3209/ide/plugins/com.nxp.mcuxpresso.tools.win32_11.1.0.201909161352/tools/bin/../lib/gcc/arm-none-eabi/8.3.1/thumb/v6-m/nofp\libcr_eabihelpers.a(llong.o)
                0x00005b54                __aeabi_lmul
 .text.__aeabi_memset_lowlevel
                0x00005b82       0x2a e:/mcuxpressoide_11.1.0_3209/ide/plugins/com.nxp.mcuxpresso.tools.win32_11.1.0.201909161352/tools/bin/../lib/gcc/arm-none-eabi/8.3.1/thumb/v6-m/nofp\libcr_eabihelpers.a(memcpy.o)
                0x00005b82                __aeabi_lowlevel_memset
 .text.__sys_close
                0x00005bac        0xc e:/mcuxpressoide_11.1.0_3209/ide/plugins/com.nxp.mcuxpresso.tools.win32_11.1.0.201909161352/tools/bin/../lib/gcc/arm-none-eabi/8.3.1/../../../../arm-none-eabi/lib/thumb/v6-m/nofp\libcr_semihost_nf.a(__sys_close.o)
                0x00005bac                __sys_close
 .text.__sys_flen
                0x00005bb8        0xc e:/mcuxpressoide_11.1.0_3209/ide/plugins/com.nxp.mcuxpresso.tools.win32_11.1.0.201909161352/tools/bin/../lib/gcc/arm-none-eabi/8.3.1/../../../../arm-none-eabi/lib/thumb/v6-m/nofp\libcr_semihost_nf.a(__sys_flen.o)
                0x00005bb8                __sys_flen
 .text.__sys_istty
                0x00005bc4        0xc e:/mcuxpressoide_11.1.0_3209/ide/plugins/com.nxp.mcuxpresso.tools.win32_11.1.0.201909161352/tools/bin/../lib/gcc/arm-none-eabi/8.3.1/../../../../arm-none-eabi/lib/thumb/v6-m/nofp\libcr_semihost_nf.a(__sys_istty.o)
                0x00005bc4                __sys_istty
 .text.__sys_remove
                0x00005bd0        0xc e:/mcuxpressoide_11.1.0_3209/ide/plugins/com.nxp.mcuxpresso.tools.win32_11.1.0.201909161352/tools/bin/../lib/gcc/arm-none-eabi/8.3.1/../../../../arm-none-eabi/lib/thumb/v6-m/nofp\libcr_semihost_nf.a(__sys_remove.o)
                0x00005bd0                __sys_remove
 .text.__sys_seek
                0x00005bdc        0xc e:/mcuxpressoide_11.1.0_3209/ide/plugins/com.nxp.mcuxpresso.tools.win32_11.1.0.201909161352/tools/bin/../lib/gcc/arm-none-eabi/8.3.1/../../../../arm-none-eabi/lib/thumb/v6-m/nofp\libcr_semihost_nf.a(__sys_seek.o)
                0x00005bdc                __sys_seek
 .text.__sys_tmpnam
                0x00005be8        0xc e:/mcuxpressoide_11.1.0_3209/ide/plugins/com.nxp.mcuxpresso.tools.win32_11.1.0.201909161352/tools/bin/../lib/gcc/arm-none-eabi/8.3.1/../../../../arm-none-eabi/lib/thumb/v6-m/nofp\libcr_semihost_nf.a(__sys_tmpnam.o)
                0x00005be8                __sys_tmpnam
 .text.__sys_write
                0x00005bf4        0xc e:/mcuxpressoide_11.1.0_3209/ide/plugins/com.nxp.mcuxpresso.tools.win32_11.1.0.201909161352/tools/bin/../lib/gcc/arm-none-eabi/8.3.1/../../../../arm-none-eabi/lib/thumb/v6-m/nofp\libcr_semihost_nf.a(__sys_write.o)
                0x00005bf4                __sys_write
 *(SORT_BY_ALIGNMENT(.rodata) SORT_BY_ALIGNMENT(.rodata.*) SORT_BY_ALIGNMENT(.constdata) SORT_BY_ALIGNMENT(.constdata.*))
 .rodata.a1.3979
                0x00005c00       0x88 e:/mcuxpressoide_11.1.0_3209/ide/plugins/com.nxp.mcuxpresso.tools.win32_11.1.0.201909161352/tools/bin/../lib/gcc/arm-none-eabi/8.3.1/../../../../arm-none-eabi/lib/thumb/v6-m/nofp\libcr_c.a(pow.o)
 .rodata.a2.3980
                0x00005c88       0x40 e:/mcuxpressoide_11.1.0_3209/ide/plugins/com.nxp.mcuxpresso.tools.win32_11.1.0.201909161352/tools/bin/../lib/gcc/arm-none-eabi/8.3.1/../../../../arm-none-eabi/lib/thumb/v6-m/nofp\libcr_c.a(pow.o)
 .rodata.PIT_GetDefaultConfig.str1.4
                0x00005cc8       0x6b ./source/FloppyDriver.o
 *fill*         0x00005d33        0x1 ff
 .rodata.main.str1.4
                0x00005d34       0x70 ./source/FloppyDriver.o
 .rodata        0x00005da4       0x24 ./source/FloppyDriver.o
 .rodata.CLOCK_GetMcgExtClkFreq.str1.4
                0x00005dc8       0x1f ./drivers/fsl_clock.o
 *fill*         0x00005de7        0x1 ff
 .rodata.CLOCK_GetOsc0ErClkFreq.str1.4
                0x00005de8       0x1f ./drivers/fsl_clock.o
 *fill*         0x00005e07        0x1 ff
 .rodata.CLOCK_GetEr32kClkFreq.str1.4
                0x00005e08       0x20 ./drivers/fsl_clock.o
 .rodata.CLOCK_GetFreq
                0x00005e28       0x38 ./drivers/fsl_clock.o
 .rodata.CLOCK_GetPll0Freq.str1.4
                0x00005e60       0x1e ./drivers/fsl_clock.o
 *fill*         0x00005e7e        0x2 ff
 .rodata.CLOCK_EnablePll0.str1.4
                0x00005e80       0x1a ./drivers/fsl_clock.o
 *fill*         0x00005e9a        0x2 ff
 .rodata.CLOCK_SetPbeMode.str1.4
                0x00005e9c       0x1b ./drivers/fsl_clock.o
 *fill*         0x00005eb7        0x1 ff
 .rodata.CLOCK_BootToPeeMode.str1.4
                0x00005eb8       0x1b ./drivers/fsl_clock.o
 *fill*         0x00005ed3        0x1 ff
 .rodata.fllFactorTable.5230
                0x00005ed4       0x10 ./drivers/fsl_clock.o
 .rodata.GPIO_PinInit.str1.4
                0x00005ee4       0x18 ./drivers/fsl_gpio.o
 .rodata.s_i2cDividerTable
                0x00005efc       0x80 ./drivers/fsl_i2c.o
 .rodata.s_i2cBases
                0x00005f7c        0x8 ./drivers/fsl_i2c.o
 .rodata.s_i2cIrqs
                0x00005f84        0x2 ./drivers/fsl_i2c.o
 *fill*         0x00005f86        0x2 ff
 .rodata.s_i2cClocks
                0x00005f88        0x8 ./drivers/fsl_i2c.o
 .rodata.I2C_GetInstance.str1.4
                0x00005f90       0x33 ./drivers/fsl_i2c.o
 *fill*         0x00005fc3        0x1 ff
 .rodata.I2C_SlaveInit.str1.4
                0x00005fc4       0x68 ./drivers/fsl_i2c.o
 .rodata.I2C_SlaveGetDefaultConfig.str1.4
                0x0000602c       0x1e ./drivers/fsl_i2c.o
 *fill*         0x0000604a        0x2 ff
 .rodata.I2C_SlaveTransferCreateHandle.str1.4
                0x0000604c       0x19 ./drivers/fsl_i2c.o
 *fill*         0x00006065        0x3 ff
 .rodata.I2C_SlaveTransferNonBlocking.str1.4
                0x00006068       0x19 ./drivers/fsl_i2c.o
 *fill*         0x00006081        0x3 ff
 .rodata.I2C_SlaveTransferHandleIRQ.str1.4
                0x00006084       0x1c ./drivers/fsl_i2c.o
 .rodata.LPSCI_GetInstance.str1.4
                0x000060a0       0x37 ./drivers/fsl_lpsci.o
 *fill*         0x000060d7        0x1 ff
 .rodata.LPSCI_Init.str1.4
                0x000060d8       0x44 ./drivers/fsl_lpsci.o
 .rodata.LPSCI_GetDefaultConfig.str1.4
                0x0000611c       0x1a ./drivers/fsl_lpsci.o
 *fill*         0x00006136        0x2 ff
 .rodata.LPSCI_WriteBlocking.str1.4
                0x00006138       0x18 ./drivers/fsl_lpsci.o
 .rodata.LPSCI_ReadBlocking.str1.4
                0x00006150       0x18 ./drivers/fsl_lpsci.o
 .rodata.PIT_GetInstance.str1.4
                0x00006168       0x32 ./drivers/fsl_pit.o
 *fill*         0x0000619a        0x2 ff
 .rodata.PIT_Init.str1.4
                0x0000619c       0x17 ./drivers/fsl_pit.o
 *fill*         0x000061b3        0x1 ff
 .rodata.s_uartBases
                0x000061b4        0xc ./drivers/fsl_uart.o
 .rodata.s_uartClock
                0x000061c0        0xc ./drivers/fsl_uart.o
 .rodata.UART_GetInstance.str1.4
                0x000061cc       0x2c ./drivers/fsl_uart.o
 .rodata.UART_Init.str1.4
                0x000061f8       0x43 ./drivers/fsl_uart.o
 *fill*         0x0000623b        0x1 ff
 .rodata.UART_GetDefaultConfig.str1.4
                0x0000623c       0x19 ./drivers/fsl_uart.o
 *fill*         0x00006255        0x3 ff
 .rodata.UART_ReadBlocking.str1.4
                0x00006258       0x18 ./drivers/fsl_uart.o
                                 0x17 (size before relaxing)
 .rodata.mcgConfig_BOARD_BootClockRUN
                0x00006270        0xa ./board/clock_config.o
                0x00006270                mcgConfig_BOARD_BootClockRUN
 *fill*         0x0000627a        0x2 ff
 .rodata.simConfig_BOARD_BootClockRUN
                0x0000627c        0x8 ./board/clock_config.o
                0x0000627c                simConfig_BOARD_BootClockRUN
 .rodata.oscConfig_BOARD_BootClockRUN
                0x00006284        0x8 ./board/clock_config.o
                0x00006284                oscConfig_BOARD_BootClockRUN
 .rodata.__num_Ciob_streams
                0x0000628c        0x4 e:/mcuxpressoide_11.1.0_3209/ide/plugins/com.nxp.mcuxpresso.tools.win32_11.1.0.201909161352/tools/bin/../lib/gcc/arm-none-eabi/8.3.1/../../../../arm-none-eabi/lib/thumb/v6-m/nofp\libcr_semihost_nf.a(__ciob.o)
                0x0000628c                __num_Ciob_streams
 .rodata.__assertion_failed.str1.1
                0x00006290       0x15 e:/mcuxpressoide_11.1.0_3209/ide/plugins/com.nxp.mcuxpresso.tools.win32_11.1.0.201909161352/tools/bin/../lib/gcc/arm-none-eabi/8.3.1/../../../../arm-none-eabi/lib/thumb/v6-m/nofp\libcr_semihost_nf.a(_cr_assert.o)
 .rodata._Csys_alloc.str1.1
                0x000062a5       0x18 e:/mcuxpressoide_11.1.0_3209/ide/plugins/com.nxp.mcuxpresso.tools.win32_11.1.0.201909161352/tools/bin/../lib/gcc/arm-none-eabi/8.3.1/../../../../arm-none-eabi/lib/thumb/v6-m/nofp\libcr_c.a(alloc.o)
 .rodata._initio.str1.1
                0x000062bd        0x4 e:/mcuxpressoide_11.1.0_3209/ide/plugins/com.nxp.mcuxpresso.tools.win32_11.1.0.201909161352/tools/bin/../lib/gcc/arm-none-eabi/8.3.1/../../../../arm-none-eabi/lib/thumb/v6-m/nofp\libcr_c.a(initio.o)
 .rodata.__vfprintf.str1.1
                0x000062c1       0x35 e:/mcuxpressoide_11.1.0_3209/ide/plugins/com.nxp.mcuxpresso.tools.win32_11.1.0.201909161352/tools/bin/../lib/gcc/arm-none-eabi/8.3.1/../../../../arm-none-eabi/lib/thumb/v6-m/nofp\libcr_c.a(printf.o)
                                 0x38 (size before relaxing)
                0x000062f8                . = ALIGN (0x4)
 *fill*         0x000062f6        0x2 ff

.glue_7         0x000062f8        0x0
 .glue_7        0x000062f8        0x0 linker stubs

.glue_7t        0x000062f8        0x0
 .glue_7t       0x000062f8        0x0 linker stubs

.vfp11_veneer   0x000062f8        0x0
 .vfp11_veneer  0x000062f8        0x0 linker stubs

.v4_bx          0x000062f8        0x0
 .v4_bx         0x000062f8        0x0 linker stubs

.iplt           0x000062f8        0x0
 .iplt          0x000062f8        0x0 ./utilities/fsl_debug_console.o

.rel.dyn        0x000062f8        0x0
 .rel.iplt      0x000062f8        0x0 ./utilities/fsl_debug_console.o

.ARM.extab
 *(SORT_BY_ALIGNMENT(.ARM.extab*) SORT_BY_ALIGNMENT(.gnu.linkonce.armextab.*))
                0x000062f8                __exidx_start = .

.ARM.exidx
 *(SORT_BY_ALIGNMENT(.ARM.exidx*) SORT_BY_ALIGNMENT(.gnu.linkonce.armexidx.*))
                0x000062f8                __exidx_end = .
                0x000062f8                _etext = .

.m_usb_data
 *(SORT_BY_ALIGNMENT(m_usb_bdt))

.mtb_buffer_default
                0x1ffff000       0x80
 *(SORT_BY_ALIGNMENT(.mtb*))
 .mtb.$RAM1     0x1ffff000       0x80 ./source/mtb.o
                0x1ffff000                __mtb_buffer__

.uninit_RESERVED
                0x1ffff080        0x0
                0x1ffff080                _start_uninit_RESERVED = .
 *(SORT_BY_ALIGNMENT(.bss.$RESERVED*))
                0x1ffff080                . = ALIGN (0x4)
                0x1ffff080                _end_uninit_RESERVED = .

.data           0x1ffff080       0x1c load address 0x000062f8
 FILL mask 0xff
                0x1ffff080                _data = .
                [!provide]                PROVIDE (__start_data_RAM = .)
                [!provide]                PROVIDE (__start_data_SRAM = .)
 *(SORT_BY_ALIGNMENT(vtable))
 *(SORT_BY_ALIGNMENT(.ramfunc*))
 *(SORT_BY_ALIGNMENT(CodeQuickAccess))
 *(SORT_BY_ALIGNMENT(DataQuickAccess))
 *(SORT_BY_ALIGNMENT(RamFunction))
 *(SORT_BY_ALIGNMENT(.data*))
 .data.percussionTriggers
                0x1ffff080       0x10 ./source/FloppyDriver.o
                0x1ffff080                percussionTriggers
 .data.s_slowIrcFreq
                0x1ffff090        0x4 ./drivers/fsl_clock.o
 .data.s_fastIrcFreq
                0x1ffff094        0x4 ./drivers/fsl_clock.o
 .data.SystemCoreClock
                0x1ffff098        0x4 ./CMSIS/system_MKL25Z4.o
                0x1ffff098                SystemCoreClock
                0x1ffff09c                . = ALIGN (0x4)
                0x1ffff09c                _edata = .
                [!provide]                PROVIDE (__end_data_RAM = .)
                [!provide]                PROVIDE (__end_data_SRAM = .)

.igot.plt       0x1ffff09c        0x0 load address 0x00006314
 .igot.plt      0x1ffff09c        0x0 ./utilities/fsl_debug_console.o

.bss            0x1ffff09c      0x170
                0x1ffff09c                _bss = .
                [!provide]                PROVIDE (__start_bss_RAM = .)
                [!provide]                PROVIDE (__start_bss_SRAM = .)
 *(SORT_BY_ALIGNMENT(.bss*))
 .bss.s_debugConsole
                0x1ffff09c       0x10 ./utilities/fsl_debug_console.o
 .bss.slaveBuffer
                0x1ffff0ac       0x20 ./source/FloppyDriver.o
 .bss.slaveHandle
                0x1ffff0cc       0x24 ./source/FloppyDriver.o
 .bss.fdd       0x1ffff0f0       0x28 ./source/FloppyDriver.o
                0x1ffff0f0                fdd
 .bss.g_xtal0Freq
                0x1ffff118        0x4 ./drivers/fsl_clock.o
                0x1ffff118                g_xtal0Freq
 .bss.g_xtal32Freq
                0x1ffff11c        0x4 ./drivers/fsl_clock.o
                0x1ffff11c                g_xtal32Freq
 .bss.s_i2cHandle
                0x1ffff120        0x8 ./drivers/fsl_i2c.o
 .bss.s_i2cMasterIsr
                0x1ffff128        0x4 ./drivers/fsl_i2c.o
 .bss.s_i2cSlaveIsr
                0x1ffff12c        0x4 ./drivers/fsl_i2c.o
 .bss.s_lpsciHandle
                0x1ffff130        0x4 ./drivers/fsl_lpsci.o
 .bss.s_lpsciIsr
                0x1ffff134        0x4 ./drivers/fsl_lpsci.o
 .bss.s_uartHandle
                0x1ffff138        0xc ./drivers/fsl_uart.o
 .bss.s_uartIsr
                0x1ffff144        0x4 ./drivers/fsl_uart.o
 .bss.__Ciob    0x1ffff148       0xb4 e:/mcuxpressoide_11.1.0_3209/ide/plugins/com.nxp.mcuxpresso.tools.win32_11.1.0.201909161352/tools/bin/../lib/gcc/arm-none-eabi/8.3.1/../../../../arm-none-eabi/lib/thumb/v6-m/nofp\libcr_semihost_nf.a(__ciob.o)
                0x1ffff148                __Ciob
 .bss.__end_of_heap
                0x1ffff1fc        0x4 e:/mcuxpressoide_11.1.0_3209/ide/plugins/com.nxp.mcuxpresso.tools.win32_11.1.0.201909161352/tools/bin/../lib/gcc/arm-none-eabi/8.3.1/../../../../arm-none-eabi/lib/thumb/v6-m/nofp\libcr_c.a(__init_alloc.o)
                0x1ffff1fc                __end_of_heap
 .bss.__heaps   0x1ffff200        0x4 e:/mcuxpressoide_11.1.0_3209/ide/plugins/com.nxp.mcuxpresso.tools.win32_11.1.0.201909161352/tools/bin/../lib/gcc/arm-none-eabi/8.3.1/../../../../arm-none-eabi/lib/thumb/v6-m/nofp\libcr_c.a(__init_alloc.o)
                0x1ffff200                __heaps
 .bss.errno     0x1ffff204        0x4 e:/mcuxpressoide_11.1.0_3209/ide/plugins/com.nxp.mcuxpresso.tools.win32_11.1.0.201909161352/tools/bin/../lib/gcc/arm-none-eabi/8.3.1/../../../../arm-none-eabi/lib/thumb/v6-m/nofp\libcr_c.a(errno.o)
                0x1ffff204                errno
 .bss.slaveCompletionFlag
                0x1ffff208        0x1 ./source/FloppyDriver.o
                0x1ffff208                slaveCompletionFlag
 *(SORT_BY_ALIGNMENT(COMMON))
                0x1ffff20c                . = ALIGN (0x4)
 *fill*         0x1ffff209        0x3 
                0x1ffff20c                _ebss = .
                [!provide]                PROVIDE (__end_bss_RAM = .)
                [!provide]                PROVIDE (__end_bss_SRAM = .)
                [!provide]                PROVIDE (end = .)

.noinit         0x1ffff20c        0x0
                0x1ffff20c                _noinit = .
                [!provide]                PROVIDE (__start_noinit_RAM = .)
                [!provide]                PROVIDE (__start_noinit_SRAM = .)
 *(SORT_BY_ALIGNMENT(.noinit*))
                0x1ffff20c                . = ALIGN (0x4)
                0x1ffff20c                _end_noinit = .
                [!provide]                PROVIDE (__end_noinit_RAM = .)
                [!provide]                PROVIDE (__end_noinit_SRAM = .)
                0x00000400                _HeapSize = 0x400

.heap           0x1ffff20c      0x400
                0x1ffff20c                _pvHeapStart = .
                0x1ffff60c                . = (. + _HeapSize)
 *fill*         0x1ffff20c      0x400 
                0x1ffff60c                . = ALIGN (0x4)
                0x1ffff60c                _pvHeapLimit = .
                0x00000400                _StackSize = 0x400

.heap2stackfill
                0x1ffff60c      0x400
                0x1ffffa0c                . = (. + _StackSize)
 *fill*         0x1ffff60c      0x400 

.stack          0x20002c00        0x0
                0x20002c00                _vStackBase = .
                0x20002c00                . = ALIGN (0x4)
                0x20003000                _vStackTop = (. + _StackSize)
                0x00000000                _image_start = LOADADDR (.text)
                0x00006314                _image_end = (LOADADDR (.data) + SIZEOF (.data))
                0x00006314                _image_size = (_image_end - _image_start)
OUTPUT(FloppyDriver.axf elf32-littlearm)

.debug_info     0x00000000     0xb49f
 .debug_info    0x00000000      0x9b5 ./utilities/fsl_debug_console.o
 .debug_info    0x000009b5      0x4df ./startup/startup_mkl25z4.o
 .debug_info    0x00000e94      0x9d6 ./source/FloppyDeviceDriver.o
 .debug_info    0x0000186a     0x1403 ./source/FloppyDriver.o
 .debug_info    0x00002c6d       0x53 ./source/mtb.o
 .debug_info    0x00002cc0       0x3c ./source/semihost_hardfault.o
 .debug_info    0x00002cfc     0x1a97 ./drivers/fsl_clock.o
 .debug_info    0x00004793      0x566 ./drivers/fsl_gpio.o
 .debug_info    0x00004cf9     0x1a9a ./drivers/fsl_i2c.o
 .debug_info    0x00006793     0x1469 ./drivers/fsl_lpsci.o
 .debug_info    0x00007bfc      0x62e ./drivers/fsl_pit.o
 .debug_info    0x0000822a     0x140a ./drivers/fsl_uart.o
 .debug_info    0x00009634      0x80b ./board/board.o
 .debug_info    0x00009e3f      0xb1e ./board/clock_config.o
 .debug_info    0x0000a95d       0x3c ./board/peripherals.o
 .debug_info    0x0000a999      0x6cd ./board/pin_mux.o
 .debug_info    0x0000b066      0x439 ./CMSIS/system_MKL25Z4.o

.debug_abbrev   0x00000000     0x217c
 .debug_abbrev  0x00000000      0x21b ./utilities/fsl_debug_console.o
 .debug_abbrev  0x0000021b      0x18d ./startup/startup_mkl25z4.o
 .debug_abbrev  0x000003a8      0x225 ./source/FloppyDeviceDriver.o
 .debug_abbrev  0x000005cd      0x30d ./source/FloppyDriver.o
 .debug_abbrev  0x000008da       0x46 ./source/mtb.o
 .debug_abbrev  0x00000920       0x31 ./source/semihost_hardfault.o
 .debug_abbrev  0x00000951      0x36f ./drivers/fsl_clock.o
 .debug_abbrev  0x00000cc0      0x1b8 ./drivers/fsl_gpio.o
 .debug_abbrev  0x00000e78      0x36e ./drivers/fsl_i2c.o
 .debug_abbrev  0x000011e6      0x309 ./drivers/fsl_lpsci.o
 .debug_abbrev  0x000014ef      0x221 ./drivers/fsl_pit.o
 .debug_abbrev  0x00001710      0x323 ./drivers/fsl_uart.o
 .debug_abbrev  0x00001a33      0x1a7 ./board/board.o
 .debug_abbrev  0x00001bda      0x211 ./board/clock_config.o
 .debug_abbrev  0x00001deb       0x31 ./board/peripherals.o
 .debug_abbrev  0x00001e1c      0x20a ./board/pin_mux.o
 .debug_abbrev  0x00002026      0x156 ./CMSIS/system_MKL25Z4.o

.debug_aranges  0x00000000      0x9f0
 .debug_aranges
                0x00000000       0x48 ./utilities/fsl_debug_console.o
 .debug_aranges
                0x00000048      0x160 ./startup/startup_mkl25z4.o
 .debug_aranges
                0x000001a8       0x60 ./source/FloppyDeviceDriver.o
 .debug_aranges
                0x00000208       0x90 ./source/FloppyDriver.o
 .debug_aranges
                0x00000298       0x18 ./source/mtb.o
 .debug_aranges
                0x000002b0       0x20 ./source/semihost_hardfault.o
 .debug_aranges
                0x000002d0      0x1d8 ./drivers/fsl_clock.o
 .debug_aranges
                0x000004a8       0x40 ./drivers/fsl_gpio.o
 .debug_aranges
                0x000004e8      0x178 ./drivers/fsl_i2c.o
 .debug_aranges
                0x00000660      0x118 ./drivers/fsl_lpsci.o
 .debug_aranges
                0x00000778       0x48 ./drivers/fsl_pit.o
 .debug_aranges
                0x000007c0      0x130 ./drivers/fsl_uart.o
 .debug_aranges
                0x000008f0       0x28 ./board/board.o
 .debug_aranges
                0x00000918       0x58 ./board/clock_config.o
 .debug_aranges
                0x00000970       0x20 ./board/peripherals.o
 .debug_aranges
                0x00000990       0x38 ./board/pin_mux.o
 .debug_aranges
                0x000009c8       0x28 ./CMSIS/system_MKL25Z4.o

.debug_ranges   0x00000000      0x8d8
 .debug_ranges  0x00000000       0x38 ./utilities/fsl_debug_console.o
 .debug_ranges  0x00000038      0x150 ./startup/startup_mkl25z4.o
 .debug_ranges  0x00000188       0x50 ./source/FloppyDeviceDriver.o
 .debug_ranges  0x000001d8       0x80 ./source/FloppyDriver.o
 .debug_ranges  0x00000258       0x10 ./source/semihost_hardfault.o
 .debug_ranges  0x00000268      0x1c8 ./drivers/fsl_clock.o
 .debug_ranges  0x00000430       0x30 ./drivers/fsl_gpio.o
 .debug_ranges  0x00000460      0x168 ./drivers/fsl_i2c.o
 .debug_ranges  0x000005c8      0x108 ./drivers/fsl_lpsci.o
 .debug_ranges  0x000006d0       0x38 ./drivers/fsl_pit.o
 .debug_ranges  0x00000708      0x120 ./drivers/fsl_uart.o
 .debug_ranges  0x00000828       0x18 ./board/board.o
 .debug_ranges  0x00000840       0x48 ./board/clock_config.o
 .debug_ranges  0x00000888       0x10 ./board/peripherals.o
 .debug_ranges  0x00000898       0x28 ./board/pin_mux.o
 .debug_ranges  0x000008c0       0x18 ./CMSIS/system_MKL25Z4.o

.debug_macro    0x00000000     0x91dc
 .debug_macro   0x00000000      0x13a ./utilities/fsl_debug_console.o
 .debug_macro   0x0000013a      0xaa8 ./utilities/fsl_debug_console.o
 .debug_macro   0x00000be2       0x10 ./utilities/fsl_debug_console.o
 .debug_macro   0x00000bf2       0x16 ./utilities/fsl_debug_console.o
 .debug_macro   0x00000c08       0x10 ./utilities/fsl_debug_console.o
 .debug_macro   0x00000c18      0x12e ./utilities/fsl_debug_console.o
 .debug_macro   0x00000d46       0x28 ./utilities/fsl_debug_console.o
 .debug_macro   0x00000d6e       0xc4 ./utilities/fsl_debug_console.o
 .debug_macro   0x00000e32       0x16 ./utilities/fsl_debug_console.o
 .debug_macro   0x00000e48       0x22 ./utilities/fsl_debug_console.o
 .debug_macro   0x00000e6a      0x5b3 ./utilities/fsl_debug_console.o
 .debug_macro   0x0000141d       0x10 ./utilities/fsl_debug_console.o
 .debug_macro   0x0000142d       0x3f ./utilities/fsl_debug_console.o
 .debug_macro   0x0000146c       0x3a ./utilities/fsl_debug_console.o
 .debug_macro   0x000014a6       0x26 ./utilities/fsl_debug_console.o
 .debug_macro   0x000014cc      0x329 ./utilities/fsl_debug_console.o
 .debug_macro   0x000017f5       0x30 ./utilities/fsl_debug_console.o
 .debug_macro   0x00001825     0x51e2 ./utilities/fsl_debug_console.o
 .debug_macro   0x00006a07     0x1352 ./utilities/fsl_debug_console.o
 .debug_macro   0x00007d59       0x3a ./utilities/fsl_debug_console.o
 .debug_macro   0x00007d93       0xf4 ./utilities/fsl_debug_console.o
 .debug_macro   0x00007e87       0x35 ./utilities/fsl_debug_console.o
 .debug_macro   0x00007ebc       0xd2 ./utilities/fsl_debug_console.o
 .debug_macro   0x00007f8e       0x2e ./utilities/fsl_debug_console.o
 .debug_macro   0x00007fbc       0x10 ./utilities/fsl_debug_console.o
 .debug_macro   0x00007fcc       0x10 ./utilities/fsl_debug_console.o
 .debug_macro   0x00007fdc       0x29 ./startup/startup_mkl25z4.o
 .debug_macro   0x00008005      0x14d ./source/FloppyDeviceDriver.o
 .debug_macro   0x00008152       0x1c ./source/FloppyDeviceDriver.o
 .debug_macro   0x0000816e       0x16 ./source/FloppyDeviceDriver.o
 .debug_macro   0x00008184       0x10 ./source/FloppyDeviceDriver.o
 .debug_macro   0x00008194      0x112 ./source/FloppyDeviceDriver.o
 .debug_macro   0x000082a6       0xee ./source/FloppyDeviceDriver.o
 .debug_macro   0x00008394       0x10 ./source/FloppyDeviceDriver.o
 .debug_macro   0x000083a4      0x1a5 ./source/FloppyDriver.o
 .debug_macro   0x00008549       0xd8 ./source/FloppyDriver.o
 .debug_macro   0x00008621       0x22 ./source/FloppyDriver.o
 .debug_macro   0x00008643       0x34 ./source/FloppyDriver.o
 .debug_macro   0x00008677       0x16 ./source/FloppyDriver.o
 .debug_macro   0x0000868d       0x22 ./source/FloppyDriver.o
 .debug_macro   0x000086af       0x10 ./source/FloppyDriver.o
 .debug_macro   0x000086bf       0x2f ./source/mtb.o
 .debug_macro   0x000086ee       0x82 ./source/mtb.o
 .debug_macro   0x00008770       0x10 ./source/mtb.o
 .debug_macro   0x00008780       0x11 ./source/semihost_hardfault.o
 .debug_macro   0x00008791      0x196 ./drivers/fsl_clock.o
 .debug_macro   0x00008927       0xec ./drivers/fsl_gpio.o
 .debug_macro   0x00008a13       0xeb ./drivers/fsl_i2c.o
 .debug_macro   0x00008afe       0x10 ./drivers/fsl_i2c.o
 .debug_macro   0x00008b0e       0xec ./drivers/fsl_lpsci.o
 .debug_macro   0x00008bfa       0xec ./drivers/fsl_pit.o
 .debug_macro   0x00008ce6       0xf2 ./drivers/fsl_uart.o
 .debug_macro   0x00008dd8      0x12b ./board/board.o
 .debug_macro   0x00008f03      0x123 ./board/clock_config.o
 .debug_macro   0x00009026       0x1b ./board/peripherals.o
 .debug_macro   0x00009041       0xf7 ./board/pin_mux.o
 .debug_macro   0x00009138       0x10 ./board/pin_mux.o
 .debug_macro   0x00009148       0x94 ./CMSIS/system_MKL25Z4.o

.debug_line     0x00000000     0x6c8e
 .debug_line    0x00000000      0x494 ./utilities/fsl_debug_console.o
 .debug_line    0x00000494      0x1e7 ./startup/startup_mkl25z4.o
 .debug_line    0x0000067b      0x5a6 ./source/FloppyDeviceDriver.o
 .debug_line    0x00000c21      0x87d ./source/FloppyDriver.o
 .debug_line    0x0000149e       0xcd ./source/mtb.o
 .debug_line    0x0000156b       0x5a ./source/semihost_hardfault.o
 .debug_line    0x000015c5     0x12f2 ./drivers/fsl_clock.o
 .debug_line    0x000028b7      0x38c ./drivers/fsl_gpio.o
 .debug_line    0x00002c43     0x12b7 ./drivers/fsl_i2c.o
 .debug_line    0x00003efa      0xd73 ./drivers/fsl_lpsci.o
 .debug_line    0x00004c6d      0x3a8 ./drivers/fsl_pit.o
 .debug_line    0x00005015      0xd62 ./drivers/fsl_uart.o
 .debug_line    0x00005d77      0x3c1 ./board/board.o
 .debug_line    0x00006138      0x3fd ./board/clock_config.o
 .debug_line    0x00006535       0x5c ./board/peripherals.o
 .debug_line    0x00006591      0x3c6 ./board/pin_mux.o
 .debug_line    0x00006957      0x337 ./CMSIS/system_MKL25Z4.o

.debug_str      0x00000000    0x372ea
 .debug_str     0x00000000    0x315c6 ./utilities/fsl_debug_console.o
                              0x31813 (size before relaxing)
 .debug_str     0x000315c6      0x3d2 ./startup/startup_mkl25z4.o
                               0x31d7 (size before relaxing)
 .debug_str     0x00031998     0x14ef ./source/FloppyDeviceDriver.o
                              0x31e53 (size before relaxing)
 .debug_str     0x00032e87      0x8f4 ./source/FloppyDriver.o
                              0x3314c (size before relaxing)
 .debug_str     0x0003377b      0x532 ./source/mtb.o
                               0x32e3 (size before relaxing)
 .debug_str     0x00033cad       0x1f ./source/semihost_hardfault.o
                               0x2dd0 (size before relaxing)
 .debug_str     0x00033ccc     0x14bf ./drivers/fsl_clock.o
                              0x322de (size before relaxing)
 .debug_str     0x0003518b       0xb1 ./drivers/fsl_gpio.o
                              0x30b43 (size before relaxing)
 .debug_str     0x0003523c      0x932 ./drivers/fsl_i2c.o
                              0x31ab8 (size before relaxing)
 .debug_str     0x00035b6e      0x92b ./drivers/fsl_lpsci.o
                              0x318e6 (size before relaxing)
 .debug_str     0x00036499       0x78 ./drivers/fsl_pit.o
                              0x30c61 (size before relaxing)
 .debug_str     0x00036511      0x832 ./drivers/fsl_uart.o
                              0x31909 (size before relaxing)
 .debug_str     0x00036d43       0x4c ./board/board.o
                              0x31756 (size before relaxing)
 .debug_str     0x00036d8f      0x300 ./board/clock_config.o
                              0x31250 (size before relaxing)
 .debug_str     0x0003708f       0x31 ./board/peripherals.o
                               0x2de1 (size before relaxing)
 .debug_str     0x000370c0      0x1db ./board/pin_mux.o
                              0x30f3f (size before relaxing)
 .debug_str     0x0003729b       0x4f ./CMSIS/system_MKL25Z4.o
                              0x2fc48 (size before relaxing)

.comment        0x00000000       0x76
 .comment       0x00000000       0x76 ./utilities/fsl_debug_console.o
                                 0x77 (size before relaxing)
 .comment       0x00000076       0x77 ./startup/startup_mkl25z4.o
 .comment       0x00000076       0x77 ./source/FloppyDeviceDriver.o
 .comment       0x00000076       0x77 ./source/FloppyDriver.o
 .comment       0x00000076       0x77 ./source/mtb.o
 .comment       0x00000076       0x77 ./source/semihost_hardfault.o
 .comment       0x00000076       0x77 ./drivers/fsl_clock.o
 .comment       0x00000076       0x77 ./drivers/fsl_gpio.o
 .comment       0x00000076       0x77 ./drivers/fsl_i2c.o
 .comment       0x00000076       0x77 ./drivers/fsl_lpsci.o
 .comment       0x00000076       0x77 ./drivers/fsl_pit.o
 .comment       0x00000076       0x77 ./drivers/fsl_uart.o
 .comment       0x00000076       0x77 ./board/board.o
 .comment       0x00000076       0x77 ./board/clock_config.o
 .comment       0x00000076       0x77 ./board/peripherals.o
 .comment       0x00000076       0x77 ./board/pin_mux.o
 .comment       0x00000076       0x77 ./CMSIS/system_MKL25Z4.o
 .comment       0x00000076       0x77 e:/mcuxpressoide_11.1.0_3209/ide/plugins/com.nxp.mcuxpresso.tools.win32_11.1.0.201909161352/tools/bin/../lib/gcc/arm-none-eabi/8.3.1/../../../../arm-none-eabi/lib/thumb/v6-m/nofp\libcr_semihost_nf.a(_cr__main.o)
 .comment       0x00000076       0x77 e:/mcuxpressoide_11.1.0_3209/ide/plugins/com.nxp.mcuxpresso.tools.win32_11.1.0.201909161352/tools/bin/../lib/gcc/arm-none-eabi/8.3.1/../../../../arm-none-eabi/lib/thumb/v6-m/nofp\libcr_semihost_nf.a(_cr_assert.o)
 .comment       0x00000076       0x77 e:/mcuxpressoide_11.1.0_3209/ide/plugins/com.nxp.mcuxpresso.tools.win32_11.1.0.201909161352/tools/bin/../lib/gcc/arm-none-eabi/8.3.1/../../../../arm-none-eabi/lib/thumb/v6-m/nofp\libcr_semihost_nf.a(__ciob.o)
 .comment       0x00000076       0x77 e:/mcuxpressoide_11.1.0_3209/ide/plugins/com.nxp.mcuxpresso.tools.win32_11.1.0.201909161352/tools/bin/../lib/gcc/arm-none-eabi/8.3.1/../../../../arm-none-eabi/lib/thumb/v6-m/nofp\libcr_c.a(memset.o)
 .comment       0x00000076       0x77 e:/mcuxpressoide_11.1.0_3209/ide/plugins/com.nxp.mcuxpresso.tools.win32_11.1.0.201909161352/tools/bin/../lib/gcc/arm-none-eabi/8.3.1/../../../../arm-none-eabi/lib/thumb/v6-m/nofp\libcr_c.a(_deferredlazyseek.o)
 .comment       0x00000076       0x77 e:/mcuxpressoide_11.1.0_3209/ide/plugins/com.nxp.mcuxpresso.tools.win32_11.1.0.201909161352/tools/bin/../lib/gcc/arm-none-eabi/8.3.1/../../../../arm-none-eabi/lib/thumb/v6-m/nofp\libcr_c.a(_fflush.o)
 .comment       0x00000076       0x77 e:/mcuxpressoide_11.1.0_3209/ide/plugins/com.nxp.mcuxpresso.tools.win32_11.1.0.201909161352/tools/bin/../lib/gcc/arm-none-eabi/8.3.1/../../../../arm-none-eabi/lib/thumb/v6-m/nofp\libcr_c.a(_writebuf.o)
 .comment       0x00000076       0x77 e:/mcuxpressoide_11.1.0_3209/ide/plugins/com.nxp.mcuxpresso.tools.win32_11.1.0.201909161352/tools/bin/../lib/gcc/arm-none-eabi/8.3.1/../../../../arm-none-eabi/lib/thumb/v6-m/nofp\libcr_c.a(alloc.o)
 .comment       0x00000076       0x77 e:/mcuxpressoide_11.1.0_3209/ide/plugins/com.nxp.mcuxpresso.tools.win32_11.1.0.201909161352/tools/bin/../lib/gcc/arm-none-eabi/8.3.1/../../../../arm-none-eabi/lib/thumb/v6-m/nofp\libcr_c.a(fputs.o)
 .comment       0x00000076       0x77 e:/mcuxpressoide_11.1.0_3209/ide/plugins/com.nxp.mcuxpresso.tools.win32_11.1.0.201909161352/tools/bin/../lib/gcc/arm-none-eabi/8.3.1/../../../../arm-none-eabi/lib/thumb/v6-m/nofp\libcr_c.a(fseek.o)
 .comment       0x00000076       0x77 e:/mcuxpressoide_11.1.0_3209/ide/plugins/com.nxp.mcuxpresso.tools.win32_11.1.0.201909161352/tools/bin/../lib/gcc/arm-none-eabi/8.3.1/../../../../arm-none-eabi/lib/thumb/v6-m/nofp\libcr_c.a(ftell.o)
 .comment       0x00000076       0x77 e:/mcuxpressoide_11.1.0_3209/ide/plugins/com.nxp.mcuxpresso.tools.win32_11.1.0.201909161352/tools/bin/../lib/gcc/arm-none-eabi/8.3.1/../../../../arm-none-eabi/lib/thumb/v6-m/nofp\libcr_c.a(initio.o)
 .comment       0x00000076       0x77 e:/mcuxpressoide_11.1.0_3209/ide/plugins/com.nxp.mcuxpresso.tools.win32_11.1.0.201909161352/tools/bin/../lib/gcc/arm-none-eabi/8.3.1/../../../../arm-none-eabi/lib/thumb/v6-m/nofp\libcr_c.a(pow.o)
 .comment       0x00000076       0x77 e:/mcuxpressoide_11.1.0_3209/ide/plugins/com.nxp.mcuxpresso.tools.win32_11.1.0.201909161352/tools/bin/../lib/gcc/arm-none-eabi/8.3.1/../../../../arm-none-eabi/lib/thumb/v6-m/nofp\libcr_c.a(printf.o)
 .comment       0x00000076       0x77 e:/mcuxpressoide_11.1.0_3209/ide/plugins/com.nxp.mcuxpresso.tools.win32_11.1.0.201909161352/tools/bin/../lib/gcc/arm-none-eabi/8.3.1/../../../../arm-none-eabi/lib/thumb/v6-m/nofp\libcr_c.a(setvbuf.o)
 .comment       0x00000076       0x77 e:/mcuxpressoide_11.1.0_3209/ide/plugins/com.nxp.mcuxpresso.tools.win32_11.1.0.201909161352/tools/bin/../lib/gcc/arm-none-eabi/8.3.1/../../../../arm-none-eabi/lib/thumb/v6-m/nofp\libcr_c.a(strlen.o)
 .comment       0x00000076       0x77 e:/mcuxpressoide_11.1.0_3209/ide/plugins/com.nxp.mcuxpresso.tools.win32_11.1.0.201909161352/tools/bin/../lib/gcc/arm-none-eabi/8.3.1/../../../../arm-none-eabi/lib/thumb/v6-m/nofp\libcr_c.a(__init_alloc.o)
 .comment       0x00000076       0x77 e:/mcuxpressoide_11.1.0_3209/ide/plugins/com.nxp.mcuxpresso.tools.win32_11.1.0.201909161352/tools/bin/../lib/gcc/arm-none-eabi/8.3.1/../../../../arm-none-eabi/lib/thumb/v6-m/nofp\libcr_c.a(_cr_sbrk.o)
 .comment       0x00000076       0x77 e:/mcuxpressoide_11.1.0_3209/ide/plugins/com.nxp.mcuxpresso.tools.win32_11.1.0.201909161352/tools/bin/../lib/gcc/arm-none-eabi/8.3.1/../../../../arm-none-eabi/lib/thumb/v6-m/nofp\libcr_c.a(_fdopen.o)
 .comment       0x00000076       0x77 e:/mcuxpressoide_11.1.0_3209/ide/plugins/com.nxp.mcuxpresso.tools.win32_11.1.0.201909161352/tools/bin/../lib/gcc/arm-none-eabi/8.3.1/../../../../arm-none-eabi/lib/thumb/v6-m/nofp\libcr_c.a(errno.o)
 .comment       0x00000076       0x77 e:/mcuxpressoide_11.1.0_3209/ide/plugins/com.nxp.mcuxpresso.tools.win32_11.1.0.201909161352/tools/bin/../lib/gcc/arm-none-eabi/8.3.1/../../../../arm-none-eabi/lib/thumb/v6-m/nofp\libcr_c.a(fclose.o)
 .comment       0x00000076       0x77 e:/mcuxpressoide_11.1.0_3209/ide/plugins/com.nxp.mcuxpresso.tools.win32_11.1.0.201909161352/tools/bin/../lib/gcc/arm-none-eabi/8.3.1/../../../../arm-none-eabi/lib/thumb/v6-m/nofp\libcr_c.a(fflush.o)
 .comment       0x00000076       0x77 e:/mcuxpressoide_11.1.0_3209/ide/plugins/com.nxp.mcuxpresso.tools.win32_11.1.0.201909161352/tools/bin/../lib/gcc/arm-none-eabi/8.3.1/../../../../arm-none-eabi/lib/thumb/v6-m/nofp\libcr_c.a(frexp.o)
 .comment       0x00000076       0x77 e:/mcuxpressoide_11.1.0_3209/ide/plugins/com.nxp.mcuxpresso.tools.win32_11.1.0.201909161352/tools/bin/../lib/gcc/arm-none-eabi/8.3.1/../../../../arm-none-eabi/lib/thumb/v6-m/nofp\libcr_c.a(ldexp.o)
 .comment       0x00000076       0x77 e:/mcuxpressoide_11.1.0_3209/ide/plugins/com.nxp.mcuxpresso.tools.win32_11.1.0.201909161352/tools/bin/../lib/gcc/arm-none-eabi/8.3.1/../../../../arm-none-eabi/lib/thumb/v6-m/nofp\libcr_c.a(remove.o)
 .comment       0x00000076       0x77 e:/mcuxpressoide_11.1.0_3209/ide/plugins/com.nxp.mcuxpresso.tools.win32_11.1.0.201909161352/tools/bin/../lib/gcc/arm-none-eabi/8.3.1/../../../../arm-none-eabi/lib/thumb/v6-m/nofp\libcr_c.a(_cr_check_heap.o)
 .comment       0x00000076       0x77 e:/mcuxpressoide_11.1.0_3209/ide/plugins/com.nxp.mcuxpresso.tools.win32_11.1.0.201909161352/tools/bin/../lib/gcc/arm-none-eabi/8.3.1/../../../../arm-none-eabi/lib/thumb/v6-m/nofp\libcr_c.a(_do_fflush.o)
 .comment       0x00000076       0x77 e:/mcuxpressoide_11.1.0_3209/ide/plugins/com.nxp.mcuxpresso.tools.win32_11.1.0.201909161352/tools/bin/../lib/gcc/arm-none-eabi/8.3.1/thumb/v6-m/nofp\libcr_eabihelpers.a(double.o)
 .comment       0x00000076       0x77 e:/mcuxpressoide_11.1.0_3209/ide/plugins/com.nxp.mcuxpresso.tools.win32_11.1.0.201909161352/tools/bin/../lib/gcc/arm-none-eabi/8.3.1/thumb/v6-m/nofp\libcr_eabihelpers.a(float.o)

.ARM.attributes
                0x00000000       0x2a
 .ARM.attributes
                0x00000000       0x2c ./utilities/fsl_debug_console.o
 .ARM.attributes
                0x0000002c       0x2c ./startup/startup_mkl25z4.o
 .ARM.attributes
                0x00000058       0x2c ./source/FloppyDeviceDriver.o
 .ARM.attributes
                0x00000084       0x2c ./source/FloppyDriver.o
 .ARM.attributes
                0x000000b0       0x32 ./source/mtb.o
 .ARM.attributes
                0x000000e2       0x2c ./source/semihost_hardfault.o
 .ARM.attributes
                0x0000010e       0x2c ./drivers/fsl_clock.o
 .ARM.attributes
                0x0000013a       0x2c ./drivers/fsl_gpio.o
 .ARM.attributes
                0x00000166       0x2c ./drivers/fsl_i2c.o
 .ARM.attributes
                0x00000192       0x2c ./drivers/fsl_lpsci.o
 .ARM.attributes
                0x000001be       0x2c ./drivers/fsl_pit.o
 .ARM.attributes
                0x000001ea       0x2c ./drivers/fsl_uart.o
 .ARM.attributes
                0x00000216       0x2c ./board/board.o
 .ARM.attributes
                0x00000242       0x2c ./board/clock_config.o
 .ARM.attributes
                0x0000026e       0x2c ./board/peripherals.o
 .ARM.attributes
                0x0000029a       0x2c ./board/pin_mux.o
 .ARM.attributes
                0x000002c6       0x2c ./CMSIS/system_MKL25Z4.o
 .ARM.attributes
                0x000002f2       0x2c e:/mcuxpressoide_11.1.0_3209/ide/plugins/com.nxp.mcuxpresso.tools.win32_11.1.0.201909161352/tools/bin/../lib/gcc/arm-none-eabi/8.3.1/../../../../arm-none-eabi/lib/thumb/v6-m/nofp\libcr_semihost_nf.a(_cr__main.o)
 .ARM.attributes
                0x0000031e       0x2c e:/mcuxpressoide_11.1.0_3209/ide/plugins/com.nxp.mcuxpresso.tools.win32_11.1.0.201909161352/tools/bin/../lib/gcc/arm-none-eabi/8.3.1/../../../../arm-none-eabi/lib/thumb/v6-m/nofp\libcr_semihost_nf.a(_cr_assert.o)
 .ARM.attributes
                0x0000034a       0x31 e:/mcuxpressoide_11.1.0_3209/ide/plugins/com.nxp.mcuxpresso.tools.win32_11.1.0.201909161352/tools/bin/../lib/gcc/arm-none-eabi/8.3.1/../../../../arm-none-eabi/lib/thumb/v6-m/nofp\libcr_semihost_nf.a(__ciob.o)
 .ARM.attributes
                0x0000037b       0x1c e:/mcuxpressoide_11.1.0_3209/ide/plugins/com.nxp.mcuxpresso.tools.win32_11.1.0.201909161352/tools/bin/../lib/gcc/arm-none-eabi/8.3.1/../../../../arm-none-eabi/lib/thumb/v6-m/nofp\libcr_semihost_nf.a(__sys_appexit.o)
 .ARM.attributes
                0x00000397       0x2c e:/mcuxpressoide_11.1.0_3209/ide/plugins/com.nxp.mcuxpresso.tools.win32_11.1.0.201909161352/tools/bin/../lib/gcc/arm-none-eabi/8.3.1/../../../../arm-none-eabi/lib/thumb/v6-m/nofp\libcr_c.a(memset.o)
 .ARM.attributes
                0x000003c3       0x2c e:/mcuxpressoide_11.1.0_3209/ide/plugins/com.nxp.mcuxpresso.tools.win32_11.1.0.201909161352/tools/bin/../lib/gcc/arm-none-eabi/8.3.1/../../../../arm-none-eabi/lib/thumb/v6-m/nofp\libcr_c.a(_deferredlazyseek.o)
 .ARM.attributes
                0x000003ef       0x2c e:/mcuxpressoide_11.1.0_3209/ide/plugins/com.nxp.mcuxpresso.tools.win32_11.1.0.201909161352/tools/bin/../lib/gcc/arm-none-eabi/8.3.1/../../../../arm-none-eabi/lib/thumb/v6-m/nofp\libcr_c.a(_fflush.o)
 .ARM.attributes
                0x0000041b       0x2c e:/mcuxpressoide_11.1.0_3209/ide/plugins/com.nxp.mcuxpresso.tools.win32_11.1.0.201909161352/tools/bin/../lib/gcc/arm-none-eabi/8.3.1/../../../../arm-none-eabi/lib/thumb/v6-m/nofp\libcr_c.a(_writebuf.o)
 .ARM.attributes
                0x00000447       0x2c e:/mcuxpressoide_11.1.0_3209/ide/plugins/com.nxp.mcuxpresso.tools.win32_11.1.0.201909161352/tools/bin/../lib/gcc/arm-none-eabi/8.3.1/../../../../arm-none-eabi/lib/thumb/v6-m/nofp\libcr_c.a(alloc.o)
 .ARM.attributes
                0x00000473       0x2c e:/mcuxpressoide_11.1.0_3209/ide/plugins/com.nxp.mcuxpresso.tools.win32_11.1.0.201909161352/tools/bin/../lib/gcc/arm-none-eabi/8.3.1/../../../../arm-none-eabi/lib/thumb/v6-m/nofp\libcr_c.a(fputs.o)
 .ARM.attributes
                0x0000049f       0x2c e:/mcuxpressoide_11.1.0_3209/ide/plugins/com.nxp.mcuxpresso.tools.win32_11.1.0.201909161352/tools/bin/../lib/gcc/arm-none-eabi/8.3.1/../../../../arm-none-eabi/lib/thumb/v6-m/nofp\libcr_c.a(fseek.o)
 .ARM.attributes
                0x000004cb       0x2c e:/mcuxpressoide_11.1.0_3209/ide/plugins/com.nxp.mcuxpresso.tools.win32_11.1.0.201909161352/tools/bin/../lib/gcc/arm-none-eabi/8.3.1/../../../../arm-none-eabi/lib/thumb/v6-m/nofp\libcr_c.a(ftell.o)
 .ARM.attributes
                0x000004f7       0x2c e:/mcuxpressoide_11.1.0_3209/ide/plugins/com.nxp.mcuxpresso.tools.win32_11.1.0.201909161352/tools/bin/../lib/gcc/arm-none-eabi/8.3.1/../../../../arm-none-eabi/lib/thumb/v6-m/nofp\libcr_c.a(initio.o)
 .ARM.attributes
                0x00000523       0x2c e:/mcuxpressoide_11.1.0_3209/ide/plugins/com.nxp.mcuxpresso.tools.win32_11.1.0.201909161352/tools/bin/../lib/gcc/arm-none-eabi/8.3.1/../../../../arm-none-eabi/lib/thumb/v6-m/nofp\libcr_c.a(pow.o)
 .ARM.attributes
                0x0000054f       0x2c e:/mcuxpressoide_11.1.0_3209/ide/plugins/com.nxp.mcuxpresso.tools.win32_11.1.0.201909161352/tools/bin/../lib/gcc/arm-none-eabi/8.3.1/../../../../arm-none-eabi/lib/thumb/v6-m/nofp\libcr_c.a(printf.o)
 .ARM.attributes
                0x0000057b       0x2c e:/mcuxpressoide_11.1.0_3209/ide/plugins/com.nxp.mcuxpresso.tools.win32_11.1.0.201909161352/tools/bin/../lib/gcc/arm-none-eabi/8.3.1/../../../../arm-none-eabi/lib/thumb/v6-m/nofp\libcr_c.a(setvbuf.o)
 .ARM.attributes
                0x000005a7       0x2c e:/mcuxpressoide_11.1.0_3209/ide/plugins/com.nxp.mcuxpresso.tools.win32_11.1.0.201909161352/tools/bin/../lib/gcc/arm-none-eabi/8.3.1/../../../../arm-none-eabi/lib/thumb/v6-m/nofp\libcr_c.a(strlen.o)
 .ARM.attributes
                0x000005d3       0x2c e:/mcuxpressoide_11.1.0_3209/ide/plugins/com.nxp.mcuxpresso.tools.win32_11.1.0.201909161352/tools/bin/../lib/gcc/arm-none-eabi/8.3.1/../../../../arm-none-eabi/lib/thumb/v6-m/nofp\libcr_c.a(__init_alloc.o)
 .ARM.attributes
                0x000005ff       0x2c e:/mcuxpressoide_11.1.0_3209/ide/plugins/com.nxp.mcuxpresso.tools.win32_11.1.0.201909161352/tools/bin/../lib/gcc/arm-none-eabi/8.3.1/../../../../arm-none-eabi/lib/thumb/v6-m/nofp\libcr_c.a(_cr_sbrk.o)
 .ARM.attributes
                0x0000062b       0x2c e:/mcuxpressoide_11.1.0_3209/ide/plugins/com.nxp.mcuxpresso.tools.win32_11.1.0.201909161352/tools/bin/../lib/gcc/arm-none-eabi/8.3.1/../../../../arm-none-eabi/lib/thumb/v6-m/nofp\libcr_c.a(_fdopen.o)
 .ARM.attributes
                0x00000657       0x31 e:/mcuxpressoide_11.1.0_3209/ide/plugins/com.nxp.mcuxpresso.tools.win32_11.1.0.201909161352/tools/bin/../lib/gcc/arm-none-eabi/8.3.1/../../../../arm-none-eabi/lib/thumb/v6-m/nofp\libcr_c.a(errno.o)
 .ARM.attributes
                0x00000688       0x2c e:/mcuxpressoide_11.1.0_3209/ide/plugins/com.nxp.mcuxpresso.tools.win32_11.1.0.201909161352/tools/bin/../lib/gcc/arm-none-eabi/8.3.1/../../../../arm-none-eabi/lib/thumb/v6-m/nofp\libcr_c.a(fclose.o)
 .ARM.attributes
                0x000006b4       0x2c e:/mcuxpressoide_11.1.0_3209/ide/plugins/com.nxp.mcuxpresso.tools.win32_11.1.0.201909161352/tools/bin/../lib/gcc/arm-none-eabi/8.3.1/../../../../arm-none-eabi/lib/thumb/v6-m/nofp\libcr_c.a(fflush.o)
 .ARM.attributes
                0x000006e0       0x2c e:/mcuxpressoide_11.1.0_3209/ide/plugins/com.nxp.mcuxpresso.tools.win32_11.1.0.201909161352/tools/bin/../lib/gcc/arm-none-eabi/8.3.1/../../../../arm-none-eabi/lib/thumb/v6-m/nofp\libcr_c.a(frexp.o)
 .ARM.attributes
                0x0000070c       0x2c e:/mcuxpressoide_11.1.0_3209/ide/plugins/com.nxp.mcuxpresso.tools.win32_11.1.0.201909161352/tools/bin/../lib/gcc/arm-none-eabi/8.3.1/../../../../arm-none-eabi/lib/thumb/v6-m/nofp\libcr_c.a(ldexp.o)
 .ARM.attributes
                0x00000738       0x2c e:/mcuxpressoide_11.1.0_3209/ide/plugins/com.nxp.mcuxpresso.tools.win32_11.1.0.201909161352/tools/bin/../lib/gcc/arm-none-eabi/8.3.1/../../../../arm-none-eabi/lib/thumb/v6-m/nofp\libcr_c.a(remove.o)
 .ARM.attributes
                0x00000764       0x2c e:/mcuxpressoide_11.1.0_3209/ide/plugins/com.nxp.mcuxpresso.tools.win32_11.1.0.201909161352/tools/bin/../lib/gcc/arm-none-eabi/8.3.1/../../../../arm-none-eabi/lib/thumb/v6-m/nofp\libcr_c.a(_cr_check_heap.o)
 .ARM.attributes
                0x00000790       0x2c e:/mcuxpressoide_11.1.0_3209/ide/plugins/com.nxp.mcuxpresso.tools.win32_11.1.0.201909161352/tools/bin/../lib/gcc/arm-none-eabi/8.3.1/../../../../arm-none-eabi/lib/thumb/v6-m/nofp\libcr_c.a(_do_fflush.o)
 .ARM.attributes
                0x000007bc       0x1c e:/mcuxpressoide_11.1.0_3209/ide/plugins/com.nxp.mcuxpresso.tools.win32_11.1.0.201909161352/tools/bin/../lib/gcc/arm-none-eabi/8.3.1/thumb/v6-m/nofp\libcr_eabihelpers.a(division_32.o)
 .ARM.attributes
                0x000007d8       0x1c e:/mcuxpressoide_11.1.0_3209/ide/plugins/com.nxp.mcuxpresso.tools.win32_11.1.0.201909161352/tools/bin/../lib/gcc/arm-none-eabi/8.3.1/thumb/v6-m/nofp\libcr_eabihelpers.a(division_idiv0.o)
 .ARM.attributes
                0x000007f4       0x2c e:/mcuxpressoide_11.1.0_3209/ide/plugins/com.nxp.mcuxpresso.tools.win32_11.1.0.201909161352/tools/bin/../lib/gcc/arm-none-eabi/8.3.1/thumb/v6-m/nofp\libcr_eabihelpers.a(double.o)
 .ARM.attributes
                0x00000820       0x2c e:/mcuxpressoide_11.1.0_3209/ide/plugins/com.nxp.mcuxpresso.tools.win32_11.1.0.201909161352/tools/bin/../lib/gcc/arm-none-eabi/8.3.1/thumb/v6-m/nofp\libcr_eabihelpers.a(float.o)
 .ARM.attributes
                0x0000084c       0x1c e:/mcuxpressoide_11.1.0_3209/ide/plugins/com.nxp.mcuxpresso.tools.win32_11.1.0.201909161352/tools/bin/../lib/gcc/arm-none-eabi/8.3.1/thumb/v6-m/nofp\libcr_eabihelpers.a(llong.o)
 .ARM.attributes
                0x00000868       0x1c e:/mcuxpressoide_11.1.0_3209/ide/plugins/com.nxp.mcuxpresso.tools.win32_11.1.0.201909161352/tools/bin/../lib/gcc/arm-none-eabi/8.3.1/thumb/v6-m/nofp\libcr_eabihelpers.a(memcpy.o)
 .ARM.attributes
                0x00000884       0x1c e:/mcuxpressoide_11.1.0_3209/ide/plugins/com.nxp.mcuxpresso.tools.win32_11.1.0.201909161352/tools/bin/../lib/gcc/arm-none-eabi/8.3.1/../../../../arm-none-eabi/lib/thumb/v6-m/nofp\libcr_semihost_nf.a(__sys_close.o)
 .ARM.attributes
                0x000008a0       0x1c e:/mcuxpressoide_11.1.0_3209/ide/plugins/com.nxp.mcuxpresso.tools.win32_11.1.0.201909161352/tools/bin/../lib/gcc/arm-none-eabi/8.3.1/../../../../arm-none-eabi/lib/thumb/v6-m/nofp\libcr_semihost_nf.a(__sys_flen.o)
 .ARM.attributes
                0x000008bc       0x1c e:/mcuxpressoide_11.1.0_3209/ide/plugins/com.nxp.mcuxpresso.tools.win32_11.1.0.201909161352/tools/bin/../lib/gcc/arm-none-eabi/8.3.1/../../../../arm-none-eabi/lib/thumb/v6-m/nofp\libcr_semihost_nf.a(__sys_istty.o)
 .ARM.attributes
                0x000008d8       0x1c e:/mcuxpressoide_11.1.0_3209/ide/plugins/com.nxp.mcuxpresso.tools.win32_11.1.0.201909161352/tools/bin/../lib/gcc/arm-none-eabi/8.3.1/../../../../arm-none-eabi/lib/thumb/v6-m/nofp\libcr_semihost_nf.a(__sys_remove.o)
 .ARM.attributes
                0x000008f4       0x1c e:/mcuxpressoide_11.1.0_3209/ide/plugins/com.nxp.mcuxpresso.tools.win32_11.1.0.201909161352/tools/bin/../lib/gcc/arm-none-eabi/8.3.1/../../../../arm-none-eabi/lib/thumb/v6-m/nofp\libcr_semihost_nf.a(__sys_seek.o)
 .ARM.attributes
                0x00000910       0x1c e:/mcuxpressoide_11.1.0_3209/ide/plugins/com.nxp.mcuxpresso.tools.win32_11.1.0.201909161352/tools/bin/../lib/gcc/arm-none-eabi/8.3.1/../../../../arm-none-eabi/lib/thumb/v6-m/nofp\libcr_semihost_nf.a(__sys_tmpnam.o)
 .ARM.attributes
                0x0000092c       0x1c e:/mcuxpressoide_11.1.0_3209/ide/plugins/com.nxp.mcuxpresso.tools.win32_11.1.0.201909161352/tools/bin/../lib/gcc/arm-none-eabi/8.3.1/../../../../arm-none-eabi/lib/thumb/v6-m/nofp\libcr_semihost_nf.a(__sys_write.o)

.debug_frame    0x00000000     0x2088
 .debug_frame   0x00000000       0xcc ./utilities/fsl_debug_console.o
 .debug_frame   0x000000cc      0x3b0 ./startup/startup_mkl25z4.o
 .debug_frame   0x0000047c      0x134 ./source/FloppyDeviceDriver.o
 .debug_frame   0x000005b0      0x1f4 ./source/FloppyDriver.o
 .debug_frame   0x000007a4       0x20 ./source/semihost_hardfault.o
 .debug_frame   0x000007c4      0x6e0 ./drivers/fsl_clock.o
 .debug_frame   0x00000ea4       0xb0 ./drivers/fsl_gpio.o
 .debug_frame   0x00000f54      0x58c ./drivers/fsl_i2c.o
 .debug_frame   0x000014e0      0x418 ./drivers/fsl_lpsci.o
 .debug_frame   0x000018f8       0xd4 ./drivers/fsl_pit.o
 .debug_frame   0x000019cc      0x468 ./drivers/fsl_uart.o
 .debug_frame   0x00001e34       0x50 ./board/board.o
 .debug_frame   0x00001e84      0x100 ./board/clock_config.o
 .debug_frame   0x00001f84       0x2c ./board/peripherals.o
 .debug_frame   0x00001fb0       0x8c ./board/pin_mux.o
 .debug_frame   0x0000203c       0x4c ./CMSIS/system_MKL25Z4.o

Cross Reference Table

Symbol                                            File
ADC0_DriverIRQHandler                             ./startup/startup_mkl25z4.o
ADC0_IRQHandler                                   ./startup/startup_mkl25z4.o
BOARD_BootClockRUN                                ./board/clock_config.o
BOARD_BootClockVLPR                               ./board/clock_config.o
BOARD_InitBootClocks                              ./board/clock_config.o
                                                  ./source/FloppyDriver.o
BOARD_InitBootPeripherals                         ./board/peripherals.o
                                                  ./source/FloppyDriver.o
BOARD_InitBootPins                                ./board/pin_mux.o
                                                  ./source/FloppyDriver.o
BOARD_InitDebugConsole                            ./board/board.o
                                                  ./source/FloppyDriver.o
BOARD_InitPins                                    ./board/pin_mux.o
CLOCK_BootToBlpeMode                              ./drivers/fsl_clock.o
CLOCK_BootToBlpiMode                              ./drivers/fsl_clock.o
                                                  ./board/clock_config.o
CLOCK_BootToFeeMode                               ./drivers/fsl_clock.o
CLOCK_BootToFeiMode                               ./drivers/fsl_clock.o
CLOCK_BootToPeeMode                               ./drivers/fsl_clock.o
                                                  ./board/clock_config.o
CLOCK_CalcPllDiv                                  ./drivers/fsl_clock.o
CLOCK_ClearStatusFlags                            ./drivers/fsl_clock.o
CLOCK_DeinitOsc0                                  ./drivers/fsl_clock.o
CLOCK_EnablePll0                                  ./drivers/fsl_clock.o
CLOCK_EnableUsbfs0Clock                           ./drivers/fsl_clock.o
CLOCK_ExternalModeToFbeModeQuick                  ./drivers/fsl_clock.o
CLOCK_FllStableDelay                              ./drivers/fsl_clock.o
CLOCK_GetBusClkFreq                               ./drivers/fsl_clock.o
CLOCK_GetCoreSysClkFreq                           ./drivers/fsl_clock.o
CLOCK_GetEr32kClkFreq                             ./drivers/fsl_clock.o
CLOCK_GetFixedFreqClkFreq                         ./drivers/fsl_clock.o
CLOCK_GetFlashClkFreq                             ./drivers/fsl_clock.o
CLOCK_GetFllFreq                                  ./drivers/fsl_clock.o
CLOCK_GetFreq                                     ./drivers/fsl_clock.o
                                                  ./source/FloppyDriver.o
                                                  ./source/FloppyDeviceDriver.o
CLOCK_GetInternalRefClkFreq                       ./drivers/fsl_clock.o
CLOCK_GetMode                                     ./drivers/fsl_clock.o
CLOCK_GetOsc0ErClkFreq                            ./drivers/fsl_clock.o
CLOCK_GetOutClkFreq                               ./drivers/fsl_clock.o
CLOCK_GetPlatClkFreq                              ./drivers/fsl_clock.o
CLOCK_GetPll0Freq                                 ./drivers/fsl_clock.o
CLOCK_GetPllFllSelClkFreq                         ./drivers/fsl_clock.o
                                                  ./board/board.o
CLOCK_GetStatusFlags                              ./drivers/fsl_clock.o
CLOCK_InitOsc0                                    ./drivers/fsl_clock.o
                                                  ./board/clock_config.o
CLOCK_InternalModeToFbiModeQuick                  ./drivers/fsl_clock.o
CLOCK_SetBlpeMode                                 ./drivers/fsl_clock.o
CLOCK_SetBlpiMode                                 ./drivers/fsl_clock.o
CLOCK_SetExternalRefClkConfig                     ./drivers/fsl_clock.o
CLOCK_SetFbeMode                                  ./drivers/fsl_clock.o
CLOCK_SetFbiMode                                  ./drivers/fsl_clock.o
CLOCK_SetFeeMode                                  ./drivers/fsl_clock.o
CLOCK_SetFeiMode                                  ./drivers/fsl_clock.o
CLOCK_SetInternalRefClkConfig                     ./drivers/fsl_clock.o
                                                  ./board/clock_config.o
CLOCK_SetMcgConfig                                ./drivers/fsl_clock.o
CLOCK_SetOsc0MonitorMode                          ./drivers/fsl_clock.o
CLOCK_SetPbeMode                                  ./drivers/fsl_clock.o
CLOCK_SetPeeMode                                  ./drivers/fsl_clock.o
CLOCK_SetPll0MonitorMode                          ./drivers/fsl_clock.o
CLOCK_SetSimConfig                                ./drivers/fsl_clock.o
                                                  ./board/clock_config.o
CLOCK_TrimInternalRefClk                          ./drivers/fsl_clock.o
CMP0_DriverIRQHandler                             ./startup/startup_mkl25z4.o
CMP0_IRQHandler                                   ./startup/startup_mkl25z4.o
DAC0_DriverIRQHandler                             ./startup/startup_mkl25z4.o
DAC0_IRQHandler                                   ./startup/startup_mkl25z4.o
DMA0_DriverIRQHandler                             ./startup/startup_mkl25z4.o
DMA0_IRQHandler                                   ./startup/startup_mkl25z4.o
DMA1_DriverIRQHandler                             ./startup/startup_mkl25z4.o
DMA1_IRQHandler                                   ./startup/startup_mkl25z4.o
DMA2_DriverIRQHandler                             ./startup/startup_mkl25z4.o
DMA2_IRQHandler                                   ./startup/startup_mkl25z4.o
DMA3_DriverIRQHandler                             ./startup/startup_mkl25z4.o
DMA3_IRQHandler                                   ./startup/startup_mkl25z4.o
DbgConsole_Deinit                                 ./utilities/fsl_debug_console.o
DbgConsole_Init                                   ./utilities/fsl_debug_console.o
                                                  ./board/board.o
FDDInit                                           ./source/FloppyDeviceDriver.o
                                                  ./source/FloppyDriver.o
FDDReset                                          ./source/FloppyDeviceDriver.o
                                                  ./source/FloppyDriver.o
FDDSetFrequency                                   ./source/FloppyDeviceDriver.o
                                                  ./source/FloppyDriver.o
FDDStep                                           ./source/FloppyDeviceDriver.o
                                                  ./source/FloppyDriver.o
FLASH_Erase                                       ./drivers/fsl_flash.o
FLASH_EraseAll                                    ./drivers/fsl_flash.o
FLASH_EraseAllExecuteOnlySegments                 ./drivers/fsl_flash.o
FLASH_GetProperty                                 ./drivers/fsl_flash.o
FLASH_GetSecurityState                            ./drivers/fsl_flash.o
FLASH_Init                                        ./drivers/fsl_flash.o
FLASH_IsExecuteOnly                               ./drivers/fsl_flash.o
FLASH_IsProtected                                 ./drivers/fsl_flash.o
FLASH_PflashGetPrefetchSpeculation                ./drivers/fsl_flash.o
FLASH_PflashGetProtection                         ./drivers/fsl_flash.o