core_cm0plus.h:745:22:NVIC_EnableIRQ	16	static
fsl_clock.h:584:20:CLOCK_EnableClock	24	static
fsl_clock.h:595:20:CLOCK_DisableClock	24	static
fsl_common.h:212:20:EnableIRQ	16	static
fsl_i2c.h:378:20:I2C_Enable	16	static
fsl_i2c.h:411:24:I2C_SlaveGetStatusFlags	16	static
fsl_i2c.h:429:20:I2C_MasterClearStatusFlags	16	static
fsl_i2c.h:464:20:I2C_SlaveClearStatusFlags	16	static
fsl_i2c.c:168:10:I2C_GetInstance	24	static
fsl_i2c.c:186:13:I2C_SetHoldTime	56	static
fsl_i2c.c:234:17:I2C_InitTransferStateMachine	40	static
fsl_i2c.c:272:17:I2C_CheckAndClearError	24	static
fsl_i2c.c:295:17:I2C_MasterTransferRunStateMachine	48	static
fsl_i2c.c:458:13:I2C_TransferCommonIRQHandler	16	static
fsl_i2c.c:472:6:I2C_MasterInit	32	static
fsl_i2c.c:534:6:I2C_MasterDeinit	16	static
fsl_i2c.c:545:6:I2C_MasterGetDefaultConfig	16	static
fsl_i2c.c:569:6:I2C_EnableInterrupts	24	static
fsl_i2c.c:609:6:I2C_DisableInterrupts	16	static
fsl_i2c.c:631:6:I2C_MasterSetBaudRate	56	static
fsl_i2c.c:673:10:I2C_MasterStart	24	static
fsl_i2c.c:700:10:I2C_MasterRepeatedStart	32	static
fsl_i2c.c:741:10:I2C_MasterStop	24	static
fsl_i2c.c:762:10:I2C_MasterGetStatusFlags	24	static
fsl_i2c.c:785:10:I2C_MasterWriteBlocking	32	static
fsl_i2c.c:848:10:I2C_MasterReadBlocking	32	static
fsl_i2c.c:915:10:I2C_MasterTransferBlocking	24	static
fsl_i2c.c:1055:6:I2C_MasterTransferCreateHandle	32	static
fsl_i2c.c:1081:10:I2C_MasterTransferNonBlocking	32	static
fsl_i2c.c:1108:6:I2C_MasterTransferAbort	24	static
fsl_i2c.c:1145:10:I2C_MasterTransferGetCount	24	static
fsl_i2c.c:1159:6:I2C_MasterTransferHandleIRQ	40	static
fsl_i2c.c:1203:6:I2C_SlaveInit	32	static
fsl_i2c.c:1265:6:I2C_SlaveDeinit	16	static
fsl_i2c.c:1276:6:I2C_SlaveGetDefaultConfig	16	static
fsl_i2c.c:1304:10:I2C_SlaveWriteBlocking	40	static
fsl_i2c.c:1342:6:I2C_SlaveReadBlocking	32	static
fsl_i2c.c:1392:6:I2C_SlaveTransferCreateHandle	32	static
fsl_i2c.c:1418:10:I2C_SlaveTransferNonBlocking	24	static
fsl_i2c.c:1451:6:I2C_SlaveTransferAbort	16	static
fsl_i2c.c:1468:10:I2C_SlaveTransferGetCount	24	static
fsl_i2c.c:1490:6:I2C_SlaveTransferHandleIRQ	48	static
fsl_i2c.c:1732:6:I2C0_DriverIRQHandler	8	static
fsl_i2c.c:1739:6:I2C1_DriverIRQHandler	8	static
