core_cm0plus.h:745:22:NVIC_EnableIRQ	16	static
core_cm0plus.h:804:22:NVIC_SetPriority	24	static
fsl_common.h:212:20:EnableIRQ	16	static
fsl_gpio.h:157:20:GPIO_WritePinOutput	24	static
fsl_gpio.h:175:20:GPIO_SetPinsOutput	16	static
fsl_gpio.h:197:20:GPIO_TogglePinsOutput	16	static
fsl_pit.h:127:20:PIT_GetDefaultConfig	16	static
fsl_pit.h:181:20:PIT_EnableInterrupts	24	static
fsl_pit.h:229:24:PIT_GetStatusFlags	16	static
fsl_pit.h:242:20:PIT_ClearStatusFlags	24	static
fsl_tpm.h:579:20:TPM_StartTimer	24	static
I2CObserver.h:23:13:i2c_slave_callback	24	static
I2CObserver.h:52:6:InitI2CInterface	32	static
I2CObserver.h:77:8:I2CReceiveData	8	static
fsl_lptmr.h:199:20:LPTMR_EnableInterrupts	24	static
fsl_lptmr.h:266:20:LPTMR_ClearStatusFlags	16	static
fsl_lptmr.h:291:20:LPTMR_SetTimerPeriod	16	static
fsl_lptmr.h:335:20:LPTMR_StartTimer	24	static
fsl_lptmr.h:352:20:LPTMR_StopTimer	24	static
PercussionDriver.h:30:6:LPTMR0_IRQHandler	16	static
PercussionDriver.h:47:6:InitPercussionDriver	56	static
PercussionDriver.h:86:6:ProcessPercussionMessage	24	static
FloppyDriver.c:61:6:PIT_IRQHandler	24	static
FloppyDriver.c:90:5:main	32	static
